Archive member included to satisfy reference by file (symbol)

c:/quartusprime/nios2eds/bin/gnu/h-x86_64-mingw32/bin/../lib/gcc/nios2-elf/5.3.0/../../../../../H-x86_64-mingw32/nios2-elf/lib/mno-hw-mul\libsmallc.a(lib_a-printf.o)
                              obj/default/main.o (printf)
c:/quartusprime/nios2eds/bin/gnu/h-x86_64-mingw32/bin/../lib/gcc/nios2-elf/5.3.0/../../../../../H-x86_64-mingw32/nios2-elf/lib/mno-hw-mul\libsmallc.a(lib_a-puts.o)
                              obj/default/main.o (puts)
c:/quartusprime/nios2eds/bin/gnu/h-x86_64-mingw32/bin/../lib/gcc/nios2-elf/5.3.0/../../../../../H-x86_64-mingw32/nios2-elf/lib/mno-hw-mul\libsmallc.a(lib_a-strlen.o)
                              c:/quartusprime/nios2eds/bin/gnu/h-x86_64-mingw32/bin/../lib/gcc/nios2-elf/5.3.0/../../../../../H-x86_64-mingw32/nios2-elf/lib/mno-hw-mul\libsmallc.a(lib_a-puts.o) (strlen)
c:/quartusprime/nios2eds/bin/gnu/h-x86_64-mingw32/bin/../lib/gcc/nios2-elf/5.3.0/../../../../../H-x86_64-mingw32/nios2-elf/lib/mno-hw-mul\libsmallc.a(lib_a-vfprintf.o)
                              c:/quartusprime/nios2eds/bin/gnu/h-x86_64-mingw32/bin/../lib/gcc/nios2-elf/5.3.0/../../../../../H-x86_64-mingw32/nios2-elf/lib/mno-hw-mul\libsmallc.a(lib_a-printf.o) (___vfprintf_internal_r)
c:/quartusprime/nios2eds/bin/gnu/h-x86_64-mingw32/bin/../lib/gcc/nios2-elf/5.3.0/../../../../../H-x86_64-mingw32/nios2-elf/lib/mno-hw-mul\libsmallc.a(lib_a-fvwrite_small_dev.o)
                              c:/quartusprime/nios2eds/bin/gnu/h-x86_64-mingw32/bin/../lib/gcc/nios2-elf/5.3.0/../../../../../H-x86_64-mingw32/nios2-elf/lib/mno-hw-mul\libsmallc.a(lib_a-printf.o) (__sfvwrite_small_dev)
c:/quartusprime/nios2eds/bin/gnu/h-x86_64-mingw32/bin/../lib/gcc/nios2-elf/5.3.0/../../../../../H-x86_64-mingw32/nios2-elf/lib/mno-hw-mul\libsmallc.a(lib_a-impure.o)
                              c:/quartusprime/nios2eds/bin/gnu/h-x86_64-mingw32/bin/../lib/gcc/nios2-elf/5.3.0/../../../../../H-x86_64-mingw32/nios2-elf/lib/mno-hw-mul\libsmallc.a(lib_a-printf.o) (_impure_ptr)
c:/quartusprime/nios2eds/bin/gnu/h-x86_64-mingw32/bin/../lib/gcc/nios2-elf/5.3.0/../../../../../H-x86_64-mingw32/nios2-elf/lib/mno-hw-mul\libsmallc.a(lib_a-writer.o)
                              c:/quartusprime/nios2eds/bin/gnu/h-x86_64-mingw32/bin/../lib/gcc/nios2-elf/5.3.0/../../../../../H-x86_64-mingw32/nios2-elf/lib/mno-hw-mul\libsmallc.a(lib_a-fvwrite_small_dev.o) (_write_r)
c:/quartusprime/nios2eds/bin/gnu/h-x86_64-mingw32/bin/../lib/gcc/nios2-elf/5.3.0/../../../../../H-x86_64-mingw32/nios2-elf/lib/mno-hw-mul\libsmallc.a(lib_a-int_errno.o)
                              c:/quartusprime/nios2eds/bin/gnu/h-x86_64-mingw32/bin/../lib/gcc/nios2-elf/5.3.0/../../../../../H-x86_64-mingw32/nios2-elf/lib/mno-hw-mul\libsmallc.a(lib_a-writer.o) (errno)
c:/quartusprime/nios2eds/bin/gnu/h-x86_64-mingw32/bin/../lib/gcc/nios2-elf/5.3.0/mno-hw-mul\libgcc.a(lib2-divmod.o)
                              c:/quartusprime/nios2eds/bin/gnu/h-x86_64-mingw32/bin/../lib/gcc/nios2-elf/5.3.0/../../../../../H-x86_64-mingw32/nios2-elf/lib/mno-hw-mul\libsmallc.a(lib_a-vfprintf.o) (__udivsi3)
c:/quartusprime/nios2eds/bin/gnu/h-x86_64-mingw32/bin/../lib/gcc/nios2-elf/5.3.0/mno-hw-mul\libgcc.a(lib2-mul.o)
                              c:/quartusprime/nios2eds/bin/gnu/h-x86_64-mingw32/bin/../lib/gcc/nios2-elf/5.3.0/../../../../../H-x86_64-mingw32/nios2-elf/lib/mno-hw-mul\libsmallc.a(lib_a-vfprintf.o) (__mulsi3)
../final_proj_bsp/\libhal_bsp.a(alt_load.o)
                              ../final_proj_bsp//obj/HAL/src/crt0.o (alt_load)
../final_proj_bsp/\libhal_bsp.a(alt_main.o)
                              ../final_proj_bsp//obj/HAL/src/crt0.o (alt_main)
../final_proj_bsp/\libhal_bsp.a(alt_usleep.o)
                              obj/default/main.o (usleep)
../final_proj_bsp/\libhal_bsp.a(alt_write.o)
                              c:/quartusprime/nios2eds/bin/gnu/h-x86_64-mingw32/bin/../lib/gcc/nios2-elf/5.3.0/../../../../../H-x86_64-mingw32/nios2-elf/lib/mno-hw-mul\libsmallc.a(lib_a-writer.o) (write)
../final_proj_bsp/\libhal_bsp.a(alt_sys_init.o)
                              ../final_proj_bsp/\libhal_bsp.a(alt_main.o) (alt_irq_init)
../final_proj_bsp/\libhal_bsp.a(altera_avalon_jtag_uart_fd.o)
                              ../final_proj_bsp/\libhal_bsp.a(alt_sys_init.o) (altera_avalon_jtag_uart_read_fd)
../final_proj_bsp/\libhal_bsp.a(altera_avalon_jtag_uart_init.o)
                              ../final_proj_bsp/\libhal_bsp.a(alt_sys_init.o) (altera_avalon_jtag_uart_init)
../final_proj_bsp/\libhal_bsp.a(altera_avalon_jtag_uart_ioctl.o)
                              ../final_proj_bsp/\libhal_bsp.a(altera_avalon_jtag_uart_fd.o) (altera_avalon_jtag_uart_ioctl)
../final_proj_bsp/\libhal_bsp.a(altera_avalon_jtag_uart_read.o)
                              ../final_proj_bsp/\libhal_bsp.a(altera_avalon_jtag_uart_fd.o) (altera_avalon_jtag_uart_read)
[...]
Memory Configuration

Name             Origin             Length             Attributes
onchip_memory2_0 0x0000000000000000 0x0000000000000010
reset            0x0000000010000000 0x0000000000000020
sdram            0x0000000010000020 0x0000000007ffffe0
*default*        0x0000000000000000 0xffffffffffffffff

Linker script and memory map

LOAD ../final_proj_bsp//obj/HAL/src/crt0.o
LOAD obj/default/io_handler.o
LOAD obj/default/main.o
LOAD obj/default/usb.o
LOAD c:/quartusprime/nios2eds/bin/gnu/h-x86_64-mingw32/bin/../lib/gcc/nios2-elf/5.3.0/../../../../../H-x86_64-mingw32/nios2-elf/lib/mno-hw-mul\libstdc++.a
LOAD c:/quartusprime/nios2eds/bin/gnu/h-x86_64-mingw32/bin/../lib/gcc/nios2-elf/5.3.0/../../../../../H-x86_64-mingw32/nios2-elf/lib/mno-hw-mul\libm.a
LOAD c:/quartusprime/nios2eds/bin/gnu/h-x86_64-mingw32/bin/../lib/gcc/nios2-elf/5.3.0/mno-hw-mul\libgcc.a
START GROUP
LOAD c:/quartusprime/nios2eds/bin/gnu/h-x86_64-mingw32/bin/../lib/gcc/nios2-elf/5.3.0/../../../../../H-x86_64-mingw32/nios2-elf/lib/mno-hw-mul\libsmallc.a
LOAD c:/quartusprime/nios2eds/bin/gnu/h-x86_64-mingw32/bin/../lib/gcc/nios2-elf/5.3.0/mno-hw-mul\libgcc.a
LOAD ../final_proj_bsp/\libhal_bsp.a
LOAD c:/quartusprime/nios2eds/bin/gnu/h-x86_64-mingw32/bin/../lib/gcc/nios2-elf/5.3.0/../../../../../H-x86_64-mingw32/nios2-elf/lib/mno-hw-mul\libm.a
END GROUP
LOAD c:/quartusprime/nios2eds/bin/gnu/h-x86_64-mingw32/bin/../lib/gcc/nios2-elf/5.3.0/mno-hw-mul\libgcc.a
                0x0000000000000000                __alt_mem_onchip_memory2_0 = 0x0
                0x0000000010000000                __alt_mem_sdram = 0x10000000

.entry          0x0000000010000000       0x20
 *(.entry)
 .entry         0x0000000010000000       0x20 ../final_proj_bsp//obj/HAL/src/crt0.o
                0x0000000010000000                __reset

.exceptions     0x0000000010000020      0x210
                0x0000000010000020                PROVIDE (__ram_exceptions_start, ABSOLUTE (.))
                0x0000000010000020                . = ALIGN (0x20)
 *(.irq)
 *(.exceptions.entry.label)
 .exceptions.entry.label
                0x0000000010000020        0x0 ../final_proj_bsp/\libhal_bsp.a(alt_irq_entry.o)
                0x0000000010000020                alt_irq_entry
 .exceptions.entry.label
                0x0000000010000020        0x0 ../final_proj_bsp/\libhal_bsp.a(alt_exception_entry.o)
                0x0000000010000020                alt_exception
 *(.exceptions.entry.user)
 *(.exceptions.entry.ecc_fatal)
 *(.exceptions.entry)
 .exceptions.entry
                0x0000000010000020       0x54 ../final_proj_bsp/\libhal_bsp.a(alt_exception_entry.o)
 *(.exceptions.irqtest.user)
 *(.exceptions.irqtest)
 .exceptions.irqtest
                0x0000000010000074       0x10 ../final_proj_bsp/\libhal_bsp.a(alt_irq_entry.o)
 *(.exceptions.irqhandler.user)
 *(.exceptions.irqhandler)
 .exceptions.irqhandler
                0x0000000010000084        0x4 ../final_proj_bsp/\libhal_bsp.a(alt_irq_entry.o)
 *(.exceptions.irqreturn.user)
 *(.exceptions.irqreturn)
 .exceptions.irqreturn
                0x0000000010000088        0x4 ../final_proj_bsp/\libhal_bsp.a(alt_irq_entry.o)
 *(.exceptions.notirq.label)
 .exceptions.notirq.label
                0x000000001000008c        0x0 ../final_proj_bsp/\libhal_bsp.a(alt_irq_entry.o)
 *(.exceptions.notirq.user)
 *(.exceptions.notirq)
 .exceptions.notirq
                0x000000001000008c        0x8 ../final_proj_bsp/\libhal_bsp.a(alt_exception_entry.o)
 *(.exceptions.soft.user)
 *(.exceptions.soft)
 *(.exceptions.unknown.user)
 *(.exceptions.unknown)
 .exceptions.unknown
                0x0000000010000094       0x14 ../final_proj_bsp/\libhal_bsp.a(alt_exception_entry.o)
 *(.exceptions.exit.label)
 .exceptions.exit.label
                0x00000000100000a8        0x0 ../final_proj_bsp/\libhal_bsp.a(alt_irq_entry.o)
 .exceptions.exit.label
                0x00000000100000a8        0x0 ../final_proj_bsp/\libhal_bsp.a(alt_exception_entry.o)
 *(.exceptions.exit.user)
 *(.exceptions.exit)
 .exceptions.exit
                0x00000000100000a8       0x54 ../final_proj_bsp/\libhal_bsp.a(alt_exception_entry.o)
 *(.exceptions)
 .exceptions    0x00000000100000fc       0xd4 ../final_proj_bsp/\libhal_bsp.a(alt_irq_handler.o)
                0x00000000100000fc                alt_irq_handler
 .exceptions    0x00000000100001d0       0x60 ../final_proj_bsp/\libhal_bsp.a(alt_instruction_exception_entry.o)
                0x00000000100001d0                alt_instruction_exception_entry
                0x0000000010000230                PROVIDE (__ram_exceptions_end, ABSOLUTE (.))
                0x0000000010000020                PROVIDE (__flash_exceptions_start, LOADADDR (.exceptions))

.text           0x0000000010000230     0x4dbc
                [!provide]                        PROVIDE (stext, ABSOLUTE (.))
 *(.interp)
 *(.hash)
 *(.dynsym)
 *(.dynstr)
 *(.gnu.version)
 *(.gnu.version_d)
 *(.gnu.version_r)
 *(.rel.init)
 *(.rela.init)
 *(.rel.text .rel.text.* .rel.gnu.linkonce.t.*)
 *(.rela.text .rela.text.* .rela.gnu.linkonce.t.*)
 *(.rel.fini)
 *(.rela.fini)
 *(.rel.rodata .rel.rodata.* .rel.gnu.linkonce.r.*)
 *(.rela.rodata .rela.rodata.* .rela.gnu.linkonce.r.*)
 *(.rel.data .rel.data.* .rel.gnu.linkonce.d.*)
 *(.rela.data .rela.data.* .rela.gnu.linkonce.d.*)
 *(.rel.tdata .rel.tdata.* .rel.gnu.linkonce.td.*)
 *(.rela.tdata .rela.tdata.* .rela.gnu.linkonce.td.*)
 *(.rel.tbss .rel.tbss.* .rel.gnu.linkonce.tb.*)
 *(.rela.tbss .rela.tbss.* .rela.gnu.linkonce.tb.*)
 *(.rel.ctors)
 *(.rela.ctors)
 *(.rel.dtors)
 *(.rela.dtors)
 *(.rel.got)
 *(.rela.got)
 *(.rel.sdata .rel.sdata.* .rel.gnu.linkonce.s.*)
 *(.rela.sdata .rela.sdata.* .rela.gnu.linkonce.s.*)
 *(.rel.sbss .rel.sbss.* .rel.gnu.linkonce.sb.*)
 *(.rela.sbss .rela.sbss.* .rela.gnu.linkonce.sb.*)
 *(.rel.sdata2 .rel.sdata2.* .rel.gnu.linkonce.s2.*)
 *(.rela.sdata2 .rela.sdata2.* .rela.gnu.linkonce.s2.*)
 *(.rel.sbss2 .rel.sbss2.* .rel.gnu.linkonce.sb2.*)
 *(.rela.sbss2 .rela.sbss2.* .rela.gnu.linkonce.sb2.*)
 *(.rel.bss .rel.bss.* .rel.gnu.linkonce.b.*)
 *(.rela.bss .rela.bss.* .rela.gnu.linkonce.b.*)
 *(.rel.plt)
 *(.rela.plt)
 *(.rel.dyn)
 *(.init)
 *(.plt)
 *(.text .stub .text.* .gnu.linkonce.t.*)
 .text          0x0000000010000230       0x3c ../final_proj_bsp//obj/HAL/src/crt0.o
                0x0000000010000230                _start
 .text          0x000000001000026c      0x160 obj/default/io_handler.o
                0x000000001000026c                IO_init
                0x00000000100002f4                IO_write
                0x0000000010000364                IO_read
 .text          0x00000000100003cc      0xdc4 obj/default/main.o
                0x00000000100003cc                main
 .text          0x0000000010001190     0x117c obj/default/usb.o
                0x0000000010001190                UsbWrite
                0x00000000100011e8                UsbRead
                0x0000000010001234                UsbSoftReset
                0x00000000100012e8                UsbSetAddress
                0x00000000100013e8                UsbGetDeviceDesc1
                0x0000000010001530                UsbGetDeviceDesc2
                0x0000000010001708                UsbGetConfigDesc1
                0x0000000010001898                UsbGetConfigDesc2
                0x0000000010001b00                UsbSetConfig
                0x0000000010001c00                UsbClassRequest
                0x0000000010001d00                UsbGetHidDesc
                0x0000000010001e48                UsbGetReportDesc
                0x0000000010002188                UsbWaitTDListDone
                0x000000001000220c                UsbGetRetryCnt
                0x000000001000228c                UsbPrintMem
 .text          0x000000001000230c        0x0 c:/quartusprime/nios2eds/bin/gnu/h-x86_64-mingw32/bin/../lib/gcc/nios2-elf/5.3.0/../../../../../H-x86_64-mingw32/nios2-elf/lib/mno-hw-mul\libsmallc.a(lib_a-printf.o)
 .text._printf_r
                0x000000001000230c       0x3c c:/quartusprime/nios2eds/bin/gnu/h-x86_64-mingw32/bin/../lib/gcc/nios2-elf/5.3.0/../../../../../H-x86_64-mingw32/nios2-elf/lib/mno-hw-mul\libsmallc.a(lib_a-printf.o)
                0x000000001000230c                _printf_r
 .text.printf   0x0000000010002348       0x4c c:/quartusprime/nios2eds/bin/gnu/h-x86_64-mingw32/bin/../lib/gcc/nios2-elf/5.3.0/../../../../../H-x86_64-mingw32/nios2-elf/lib/mno-hw-mul\libsmallc.a(lib_a-printf.o)
                0x0000000010002348                printf
 .text          0x0000000010002394        0x0 c:/quartusprime/nios2eds/bin/gnu/h-x86_64-mingw32/bin/../lib/gcc/nios2-elf/5.3.0/../../../../../H-x86_64-mingw32/nios2-elf/lib/mno-hw-mul\libsmallc.a(lib_a-puts.o)
 .text._puts_r  0x0000000010002394       0x80 c:/quartusprime/nios2eds/bin/gnu/h-x86_64-mingw32/bin/../lib/gcc/nios2-elf/5.3.0/../../../../../H-x86_64-mingw32/nios2-elf/lib/mno-hw-mul\libsmallc.a(lib_a-puts.o)
                0x0000000010002394                _puts_r
 .text.puts     0x0000000010002414       0x14 c:/quartusprime/nios2eds/bin/gnu/h-x86_64-mingw32/bin/../lib/gcc/nios2-elf/5.3.0/../../../../../H-x86_64-mingw32/nios2-elf/lib/mno-hw-mul\libsmallc.a(lib_a-puts.o)
                0x0000000010002414                puts
 .text          0x0000000010002428        0x0 c:/quartusprime/nios2eds/bin/gnu/h-x86_64-mingw32/bin/../lib/gcc/nios2-elf/5.3.0/../../../../../H-x86_64-mingw32/nios2-elf/lib/mno-hw-mul\libsmallc.a(lib_a-strlen.o)
 .text.strlen   0x0000000010002428       0x1c c:/quartusprime/nios2eds/bin/gnu/h-x86_64-mingw32/bin/../lib/gcc/nios2-elf/5.3.0/../../../../../H-x86_64-mingw32/nios2-elf/lib/mno-hw-mul\libsmallc.a(lib_a-strlen.o)
                0x0000000010002428                strlen
 .text          0x0000000010002444        0x0 c:/quartusprime/nios2eds/bin/gnu/h-x86_64-mingw32/bin/../lib/gcc/nios2-elf/5.3.0/../../../../../H-x86_64-mingw32/nios2-elf/lib/mno-hw-mul\libsmallc.a(lib_a-vfprintf.o)
 .text.print_repeat
                0x0000000010002444       0x6c c:/quartusprime/nios2eds/bin/gnu/h-x86_64-mingw32/bin/../lib/gcc/nios2-elf/5.3.0/../../../../../H-x86_64-mingw32/nios2-elf/lib/mno-hw-mul\libsmallc.a(lib_a-vfprintf.o)
 .text.___vfprintf_internal_r
                0x00000000100024b0      0x52c c:/quartusprime/nios2eds/bin/gnu/h-x86_64-mingw32/bin/../lib/gcc/nios2-elf/5.3.0/../../../../../H-x86_64-mingw32/nios2-elf/lib/mno-hw-mul\libsmallc.a(lib_a-vfprintf.o)
                0x00000000100024b0                ___vfprintf_internal_r
 .text.__vfprintf_internal
                0x00000000100029dc       0x1c c:/quartusprime/nios2eds/bin/gnu/h-x86_64-mingw32/bin/../lib/gcc/nios2-elf/5.3.0/../../../../../H-x86_64-mingw32/nios2-elf/lib/mno-hw-mul\libsmallc.a(lib_a-vfprintf.o)
                0x00000000100029dc                __vfprintf_internal
 .text          0x00000000100029f8        0x0 c:/quartusprime/nios2eds/bin/gnu/h-x86_64-mingw32/bin/../lib/gcc/nios2-elf/5.3.0/../../../../../H-x86_64-mingw32/nios2-elf/lib/mno-hw-mul\libsmallc.a(lib_a-fvwrite_small_dev.o)
 .text.__sfvwrite_small_dev
                0x00000000100029f8       0xb8 c:/quartusprime/nios2eds/bin/gnu/h-x86_64-mingw32/bin/../lib/gcc/nios2-elf/5.3.0/../../../../../H-x86_64-mingw32/nios2-elf/lib/mno-hw-mul\libsmallc.a(lib_a-fvwrite_small_dev.o)
                0x00000000100029f8                __sfvwrite_small_dev
 .text          0x0000000010002ab0        0x0 c:/quartusprime/nios2eds/bin/gnu/h-x86_64-mingw32/bin/../lib/gcc/nios2-elf/5.3.0/../../../../../H-x86_64-mingw32/nios2-elf/lib/mno-hw-mul\libsmallc.a(lib_a-impure.o)
 .text          0x0000000010002ab0        0x0 c:/quartusprime/nios2eds/bin/gnu/h-x86_64-mingw32/bin/../lib/gcc/nios2-elf/5.3.0/../../../../../H-x86_64-mingw32/nios2-elf/lib/mno-hw-mul\libsmallc.a(lib_a-writer.o)
 .text._write_r
                0x0000000010002ab0       0x58 c:/quartusprime/nios2eds/bin/gnu/h-x86_64-mingw32/bin/../lib/gcc/nios2-elf/5.3.0/../../../../../H-x86_64-mingw32/nios2-elf/lib/mno-hw-mul\libsmallc.a(lib_a-writer.o)
                0x0000000010002ab0                _write_r
 .text          0x0000000010002b08        0x0 c:/quartusprime/nios2eds/bin/gnu/h-x86_64-mingw32/bin/../lib/gcc/nios2-elf/5.3.0/../../../../../H-x86_64-mingw32/nios2-elf/lib/mno-hw-mul\libsmallc.a(lib_a-int_errno.o)
 .text          0x0000000010002b08      0x1b4 c:/quartusprime/nios2eds/bin/gnu/h-x86_64-mingw32/bin/../lib/gcc/nios2-elf/5.3.0/mno-hw-mul\libgcc.a(lib2-divmod.o)
                0x0000000010002b08                __divsi3
                0x0000000010002b8c                __modsi3
                0x0000000010002c00                __udivsi3
                0x0000000010002c64                __umodsi3
 .text          0x0000000010002cbc       0x28 c:/quartusprime/nios2eds/bin/gnu/h-x86_64-mingw32/bin/../lib/gcc/nios2-elf/5.3.0/mno-hw-mul\libgcc.a(lib2-mul.o)
                0x0000000010002cbc                __mulsi3
 .text          0x0000000010002ce4       0xec ../final_proj_bsp/\libhal_bsp.a(alt_load.o)
                0x0000000010002d4c                alt_load
 .text          0x0000000010002dd0       0x7c ../final_proj_bsp/\libhal_bsp.a(alt_main.o)
                0x0000000010002dd0                alt_main
 .text          0x0000000010002e4c       0x30 ../final_proj_bsp/\libhal_bsp.a(alt_usleep.o)
                0x0000000010002e4c                usleep
 .text          0x0000000010002e7c      0x13c ../final_proj_bsp/\libhal_bsp.a(alt_write.o)
                0x0000000010002eb8                write
 .text          0x0000000010002fb8       0xb8 ../final_proj_bsp/\libhal_bsp.a(alt_sys_init.o)
                0x0000000010002fec                alt_irq_init
                0x0000000010003024                alt_sys_init
 .text          0x0000000010003070      0x164 ../final_proj_bsp/\libhal_bsp.a(altera_avalon_jtag_uart_fd.o)
                0x0000000010003070                altera_avalon_jtag_uart_read_fd
                0x00000000100030d0                altera_avalon_jtag_uart_write_fd
                0x0000000010003130                altera_avalon_jtag_uart_close_fd
                0x0000000010003180                altera_avalon_jtag_uart_ioctl_fd
 .text          0x00000000100031d4      0x3d4 ../final_proj_bsp/\libhal_bsp.a(altera_avalon_jtag_uart_init.o)
                0x00000000100031d4                altera_avalon_jtag_uart_init
                0x0000000010003540                altera_avalon_jtag_uart_close
 .text          0x00000000100035a8       0xf0 ../final_proj_bsp/\libhal_bsp.a(altera_avalon_jtag_uart_ioctl.o)
                0x00000000100035a8                altera_avalon_jtag_uart_ioctl
 .text          0x0000000010003698      0x21c ../final_proj_bsp/\libhal_bsp.a(altera_avalon_jtag_uart_read.o)
                0x0000000010003698                altera_avalon_jtag_uart_read
 .text          0x00000000100038b4      0x224 ../final_proj_bsp/\libhal_bsp.a(altera_avalon_jtag_uart_write.o)
                0x00000000100038b4                altera_avalon_jtag_uart_write
 .text          0x0000000010003ad8      0x12c ../final_proj_bsp/\libhal_bsp.a(alt_alarm_start.o)
                0x0000000010003ad8                alt_alarm_start
 .text          0x0000000010003c04      0x158 ../final_proj_bsp/\libhal_bsp.a(alt_busy_sleep.o)
                0x0000000010003c04                alt_busy_sleep
 .text          0x0000000010003d5c      0x114 ../final_proj_bsp/\libhal_bsp.a(alt_close.o)
                0x0000000010003d98                close
 .text          0x0000000010003e70       0x20 ../final_proj_bsp/\libhal_bsp.a(alt_dcache_flush_all.o)
                0x0000000010003e70                alt_dcache_flush_all
 .text          0x0000000010003e90       0x2c ../final_proj_bsp/\libhal_bsp.a(alt_dev.o)
 .text          0x0000000010003ebc       0xe0 ../final_proj_bsp/\libhal_bsp.a(alt_dev_llist_insert.o)
                0x0000000010003ef8                alt_dev_llist_insert
 .text          0x0000000010003f9c       0x60 ../final_proj_bsp/\libhal_bsp.a(alt_do_ctors.o)
                0x0000000010003f9c                _do_ctors
 .text          0x0000000010003ffc       0x60 ../final_proj_bsp/\libhal_bsp.a(alt_do_dtors.o)
                0x0000000010003ffc                _do_dtors
 .text          0x000000001000405c        0x0 ../final_proj_bsp/\libhal_bsp.a(alt_errno.o)
 .text          0x000000001000405c       0x20 ../final_proj_bsp/\libhal_bsp.a(alt_icache_flush_all.o)
                0x000000001000405c                alt_icache_flush_all
 .text          0x000000001000407c      0x1b0 ../final_proj_bsp/\libhal_bsp.a(alt_iic.o)
                0x000000001000407c                alt_ic_isr_register
                0x00000000100040cc                alt_ic_irq_enable
                0x0000000010004154                alt_ic_irq_disable
                0x00000000100041e0                alt_ic_irq_enabled
 .text          0x000000001000422c       0xf0 ../final_proj_bsp/\libhal_bsp.a(alt_iic_isr_register.o)
                0x000000001000422c                alt_iic_isr_register
 .text          0x000000001000431c      0x160 ../final_proj_bsp/\libhal_bsp.a(alt_io_redirect.o)
                0x0000000010004400                alt_io_redirect
 .text          0x000000001000447c        0x0 ../final_proj_bsp/\libhal_bsp.a(alt_irq_entry.o)
 .text          0x000000001000447c        0x0 ../final_proj_bsp/\libhal_bsp.a(alt_irq_handler.o)
 .text          0x000000001000447c        0x0 ../final_proj_bsp/\libhal_bsp.a(alt_irq_vars.o)
 .text          0x000000001000447c      0x284 ../final_proj_bsp/\libhal_bsp.a(alt_open.o)
                0x00000000100045a4                open
 .text          0x0000000010004700       0x84 ../final_proj_bsp/\libhal_bsp.a(alt_release_fd.o)
                0x0000000010004700                alt_release_fd
 .text          0x0000000010004784      0x1a4 ../final_proj_bsp/\libhal_bsp.a(alt_tick.o)
                0x0000000010004784                alt_alarm_stop
                0x0000000010004820                alt_tick
 .text          0x0000000010004928       0x24 ../final_proj_bsp/\libhal_bsp.a(altera_nios2_gen2_irq.o)
                0x0000000010004928                altera_nios2_gen2_irq_init
 .text          0x000000001000494c        0x0 ../final_proj_bsp/\libhal_bsp.a(alt_exception_entry.o)
 .text          0x000000001000494c       0x90 ../final_proj_bsp/\libhal_bsp.a(alt_find_dev.o)
                0x000000001000494c                alt_find_dev
 .text          0x00000000100049dc      0x108 ../final_proj_bsp/\libhal_bsp.a(alt_find_file.o)
                0x00000000100049dc                alt_find_file
 .text          0x0000000010004ae4       0xc4 ../final_proj_bsp/\libhal_bsp.a(alt_get_fd.o)
                0x0000000010004ae4                alt_get_fd
 .text          0x0000000010004ba8       0x9c ../final_proj_bsp/\libhal_bsp.a(alt_instruction_exception_entry.o)
                0x0000000010004ba8                alt_exception_cause_generated_bad_addr
 .text          0x0000000010004c44        0x0 c:/quartusprime/nios2eds/bin/gnu/h-x86_64-mingw32/bin/../lib/gcc/nios2-elf/5.3.0/../../../../../H-x86_64-mingw32/nios2-elf/lib/mno-hw-mul\libsmallc.a(lib_a-atexit.o)
 .text.atexit   0x0000000010004c44       0x14 c:/quartusprime/nios2eds/bin/gnu/h-x86_64-mingw32/bin/../lib/gcc/nios2-elf/5.3.0/../../../../../H-x86_64-mingw32/nios2-elf/lib/mno-hw-mul\libsmallc.a(lib_a-atexit.o)
                0x0000000010004c44                atexit
 .text          0x0000000010004c58        0x0 c:/quartusprime/nios2eds/bin/gnu/h-x86_64-mingw32/bin/../lib/gcc/nios2-elf/5.3.0/../../../../../H-x86_64-mingw32/nios2-elf/lib/mno-hw-mul\libsmallc.a(lib_a-exit.o)
 .text.exit     0x0000000010004c58       0x20 c:/quartusprime/nios2eds/bin/gnu/h-x86_64-mingw32/bin/../lib/gcc/nios2-elf/5.3.0/../../../../../H-x86_64-mingw32/nios2-elf/lib/mno-hw-mul\libsmallc.a(lib_a-exit.o)
                0x0000000010004c58                exit
 .text          0x0000000010004c78        0x0 c:/quartusprime/nios2eds/bin/gnu/h-x86_64-mingw32/bin/../lib/gcc/nios2-elf/5.3.0/../../../../../H-x86_64-mingw32/nios2-elf/lib/mno-hw-mul\libsmallc.a(lib_a-memcmp.o)
 .text.memcmp   0x0000000010004c78       0x30 c:/quartusprime/nios2eds/bin/gnu/h-x86_64-mingw32/bin/../lib/gcc/nios2-elf/5.3.0/../../../../../H-x86_64-mingw32/nios2-elf/lib/mno-hw-mul\libsmallc.a(lib_a-memcmp.o)
                0x0000000010004c78                memcmp
 .text          0x0000000010004ca8        0x0 c:/quartusprime/nios2eds/bin/gnu/h-x86_64-mingw32/bin/../lib/gcc/nios2-elf/5.3.0/../../../../../H-x86_64-mingw32/nios2-elf/lib/mno-hw-mul\libsmallc.a(lib_a-memcpy.o)
 .text.memcpy   0x0000000010004ca8       0x28 c:/quartusprime/nios2eds/bin/gnu/h-x86_64-mingw32/bin/../lib/gcc/nios2-elf/5.3.0/../../../../../H-x86_64-mingw32/nios2-elf/lib/mno-hw-mul\libsmallc.a(lib_a-memcpy.o)
                0x0000000010004ca8                memcpy
 .text          0x0000000010004cd0        0x0 c:/quartusprime/nios2eds/bin/gnu/h-x86_64-mingw32/bin/../lib/gcc/nios2-elf/5.3.0/../../../../../H-x86_64-mingw32/nios2-elf/lib/mno-hw-mul\libsmallc.a(lib_a-__atexit.o)
 .text.__register_exitproc
                0x0000000010004cd0      0x158 c:/quartusprime/nios2eds/bin/gnu/h-x86_64-mingw32/bin/../lib/gcc/nios2-elf/5.3.0/../../../../../H-x86_64-mingw32/nios2-elf/lib/mno-hw-mul\libsmallc.a(lib_a-__atexit.o)
                0x0000000010004cd0                __register_exitproc
 .text          0x0000000010004e28        0x0 c:/quartusprime/nios2eds/bin/gnu/h-x86_64-mingw32/bin/../lib/gcc/nios2-elf/5.3.0/../../../../../H-x86_64-mingw32/nios2-elf/lib/mno-hw-mul\libsmallc.a(lib_a-__call_atexit.o)
 .text.__call_exitprocs
                0x0000000010004e28      0x190 c:/quartusprime/nios2eds/bin/gnu/h-x86_64-mingw32/bin/../lib/gcc/nios2-elf/5.3.0/../../../../../H-x86_64-mingw32/nios2-elf/lib/mno-hw-mul\libsmallc.a(lib_a-__call_atexit.o)
                0x0000000010004e28                __call_exitprocs
 .text          0x0000000010004fb8       0x34 ../final_proj_bsp/\libhal_bsp.a(alt_exit.o)
                0x0000000010004fb8                _exit
 *(.gnu.warning.*)
 *(.fini)
                [!provide]                        PROVIDE (__etext, ABSOLUTE (.))
                [!provide]                        PROVIDE (_etext, ABSOLUTE (.))
                [!provide]                        PROVIDE (etext, ABSOLUTE (.))
 *(.eh_frame_hdr)
                0x0000000010004fec                . = ALIGN (0x4)
                [!provide]                        PROVIDE (__preinit_array_start, ABSOLUTE (.))
 *(.preinit_array)
                [!provide]                        PROVIDE (__preinit_array_end, ABSOLUTE (.))
                [!provide]                        PROVIDE (__init_array_start, ABSOLUTE (.))
 *(.init_array)
                [!provide]                        PROVIDE (__init_array_end, ABSOLUTE (.))
                [!provide]                        PROVIDE (__fini_array_start, ABSOLUTE (.))
 *(.fini_array)
                [!provide]                        PROVIDE (__fini_array_end, ABSOLUTE (.))
 *(.eh_frame)
 *(.gcc_except_table .gcc_except_table.*)
 *(.dynamic)
                0x0000000010004fec                PROVIDE (__CTOR_LIST__, ABSOLUTE (.))
 *(.ctors)
 *(SORT(.ctors.*))
                0x0000000010004fec                PROVIDE (__CTOR_END__, ABSOLUTE (.))
                0x0000000010004fec                PROVIDE (__DTOR_LIST__, ABSOLUTE (.))
 *(.dtors)
 *(SORT(.dtors.*))
                0x0000000010004fec                PROVIDE (__DTOR_END__, ABSOLUTE (.))
 *(.jcr)
                0x0000000010004fec                . = ALIGN (0x4)

.rodata         0x0000000010004fec      0x7d4
                0x0000000010004fec                PROVIDE (__ram_rodata_start, ABSOLUTE (.))
                0x0000000010004fec                . = ALIGN (0x4)
 *(.rodata .rodata.* .gnu.linkonce.r.*)
 .rodata        0x0000000010004fec      0x728 obj/default/main.o
 .rodata        0x0000000010005714       0x71 obj/default/usb.o
 *fill*         0x0000000010005785        0x3 
 .rodata.str1.4
                0x0000000010005788        0x4 c:/quartusprime/nios2eds/bin/gnu/h-x86_64-mingw32/bin/../lib/gcc/nios2-elf/5.3.0/../../../../../H-x86_64-mingw32/nios2-elf/lib/mno-hw-mul\libsmallc.a(lib_a-puts.o)
                                          0x2 (size before relaxing)
 .rodata        0x000000001000578c       0x11 ../final_proj_bsp/\libhal_bsp.a(alt_main.o)
 *fill*         0x000000001000579d        0x3 
 .rodata        0x00000000100057a0       0x11 ../final_proj_bsp/\libhal_bsp.a(alt_sys_init.o)
 *fill*         0x00000000100057b1        0x3 
 .rodata        0x00000000100057b4        0xa ../final_proj_bsp/\libhal_bsp.a(alt_dev.o)
 *(.rodata1)
                0x00000000100057c0                . = ALIGN (0x4)
 *fill*         0x00000000100057be        0x2 
                0x00000000100057c0                PROVIDE (__ram_rodata_end, ABSOLUTE (.))
                0x0000000010004fec                PROVIDE (__flash_rodata_start, LOADADDR (.rodata))

.rwdata         0x00000000100057c0     0x1314 load address 0x0000000010006ad4
                0x00000000100057c0                PROVIDE (__ram_rwdata_start, ABSOLUTE (.))
                0x00000000100057c0                . = ALIGN (0x4)
 *(.got.plt)
 *(.got)
 *(.data1)
 *(.data .data.* .gnu.linkonce.d.*)
 .data          0x00000000100057c0        0x0 ../final_proj_bsp//obj/HAL/src/crt0.o
 .data          0x00000000100057c0        0x0 obj/default/io_handler.o
 .data          0x00000000100057c0        0x0 obj/default/main.o
 .data          0x00000000100057c0        0x0 obj/default/usb.o
 .data          0x00000000100057c0        0x0 c:/quartusprime/nios2eds/bin/gnu/h-x86_64-mingw32/bin/../lib/gcc/nios2-elf/5.3.0/../../../../../H-x86_64-mingw32/nios2-elf/lib/mno-hw-mul\libsmallc.a(lib_a-printf.o)
 .data          0x00000000100057c0        0x0 c:/quartusprime/nios2eds/bin/gnu/h-x86_64-mingw32/bin/../lib/gcc/nios2-elf/5.3.0/../../../../../H-x86_64-mingw32/nios2-elf/lib/mno-hw-mul\libsmallc.a(lib_a-puts.o)
 .data          0x00000000100057c0        0x0 c:/quartusprime/nios2eds/bin/gnu/h-x86_64-mingw32/bin/../lib/gcc/nios2-elf/5.3.0/../../../../../H-x86_64-mingw32/nios2-elf/lib/mno-hw-mul\libsmallc.a(lib_a-strlen.o)
 .data          0x00000000100057c0        0x0 c:/quartusprime/nios2eds/bin/gnu/h-x86_64-mingw32/bin/../lib/gcc/nios2-elf/5.3.0/../../../../../H-x86_64-mingw32/nios2-elf/lib/mno-hw-mul\libsmallc.a(lib_a-vfprintf.o)
 .data          0x00000000100057c0        0x0 c:/quartusprime/nios2eds/bin/gnu/h-x86_64-mingw32/bin/../lib/gcc/nios2-elf/5.3.0/../../../../../H-x86_64-mingw32/nios2-elf/lib/mno-hw-mul\libsmallc.a(lib_a-fvwrite_small_dev.o)
 .data          0x00000000100057c0        0x0 c:/quartusprime/nios2eds/bin/gnu/h-x86_64-mingw32/bin/../lib/gcc/nios2-elf/5.3.0/../../../../../H-x86_64-mingw32/nios2-elf/lib/mno-hw-mul\libsmallc.a(lib_a-impure.o)
 .data.impure_data
                0x00000000100057c0       0xe0 c:/quartusprime/nios2eds/bin/gnu/h-x86_64-mingw32/bin/../lib/gcc/nios2-elf/5.3.0/../../../../../H-x86_64-mingw32/nios2-elf/lib/mno-hw-mul\libsmallc.a(lib_a-impure.o)
 .data          0x00000000100058a0        0x0 c:/quartusprime/nios2eds/bin/gnu/h-x86_64-mingw32/bin/../lib/gcc/nios2-elf/5.3.0/../../../../../H-x86_64-mingw32/nios2-elf/lib/mno-hw-mul\libsmallc.a(lib_a-writer.o)
 .data          0x00000000100058a0        0x0 c:/quartusprime/nios2eds/bin/gnu/h-x86_64-mingw32/bin/../lib/gcc/nios2-elf/5.3.0/../../../../../H-x86_64-mingw32/nios2-elf/lib/mno-hw-mul\libsmallc.a(lib_a-int_errno.o)
 .data          0x00000000100058a0        0x0 c:/quartusprime/nios2eds/bin/gnu/h-x86_64-mingw32/bin/../lib/gcc/nios2-elf/5.3.0/mno-hw-mul\libgcc.a(lib2-divmod.o)
 .data          0x00000000100058a0        0x0 c:/quartusprime/nios2eds/bin/gnu/h-x86_64-mingw32/bin/../lib/gcc/nios2-elf/5.3.0/mno-hw-mul\libgcc.a(lib2-mul.o)
 .data          0x00000000100058a0        0x0 ../final_proj_bsp/\libhal_bsp.a(alt_load.o)
 .data          0x00000000100058a0        0x0 ../final_proj_bsp/\libhal_bsp.a(alt_main.o)
 .data          0x00000000100058a0        0x0 ../final_proj_bsp/\libhal_bsp.a(alt_usleep.o)
 .data          0x00000000100058a0        0x0 ../final_proj_bsp/\libhal_bsp.a(alt_write.o)
 .data          0x00000000100058a0     0x1060 ../final_proj_bsp/\libhal_bsp.a(alt_sys_init.o)
 .data          0x0000000010006900        0x0 ../final_proj_bsp/\libhal_bsp.a(altera_avalon_jtag_uart_fd.o)
 .data          0x0000000010006900        0x0 ../final_proj_bsp/\libhal_bsp.a(altera_avalon_jtag_uart_init.o)
 .data          0x0000000010006900        0x0 ../final_proj_bsp/\libhal_bsp.a(altera_avalon_jtag_uart_ioctl.o)
 .data          0x0000000010006900        0x0 ../final_proj_bsp/\libhal_bsp.a(altera_avalon_jtag_uart_read.o)
 .data          0x0000000010006900        0x0 ../final_proj_bsp/\libhal_bsp.a(altera_avalon_jtag_uart_write.o)
 .data          0x0000000010006900        0x0 ../final_proj_bsp/\libhal_bsp.a(alt_alarm_start.o)
 .data          0x0000000010006900        0x0 ../final_proj_bsp/\libhal_bsp.a(alt_busy_sleep.o)
 .data          0x0000000010006900        0x0 ../final_proj_bsp/\libhal_bsp.a(alt_close.o)
 .data          0x0000000010006900        0x0 ../final_proj_bsp/\libhal_bsp.a(alt_dcache_flush_all.o)
 .data          0x0000000010006900      0x1a8 ../final_proj_bsp/\libhal_bsp.a(alt_dev.o)
                0x0000000010006900                alt_dev_null
                0x0000000010006928                alt_fd_list
 .data          0x0000000010006aa8        0x0 ../final_proj_bsp/\libhal_bsp.a(alt_dev_llist_insert.o)
 .data          0x0000000010006aa8        0x0 ../final_proj_bsp/\libhal_bsp.a(alt_do_ctors.o)
 .data          0x0000000010006aa8        0x0 ../final_proj_bsp/\libhal_bsp.a(alt_do_dtors.o)
 .data          0x0000000010006aa8        0x0 ../final_proj_bsp/\libhal_bsp.a(alt_errno.o)
 .data          0x0000000010006aa8        0x0 ../final_proj_bsp/\libhal_bsp.a(alt_icache_flush_all.o)
 .data          0x0000000010006aa8        0x0 ../final_proj_bsp/\libhal_bsp.a(alt_iic.o)
 .data          0x0000000010006aa8        0x0 ../final_proj_bsp/\libhal_bsp.a(alt_iic_isr_register.o)
 .data          0x0000000010006aa8        0x0 ../final_proj_bsp/\libhal_bsp.a(alt_io_redirect.o)
 .data          0x0000000010006aa8        0x0 ../final_proj_bsp/\libhal_bsp.a(alt_irq_entry.o)
 .data          0x0000000010006aa8        0x0 ../final_proj_bsp/\libhal_bsp.a(alt_irq_handler.o)
 .data          0x0000000010006aa8        0x0 ../final_proj_bsp/\libhal_bsp.a(alt_irq_vars.o)
 .data          0x0000000010006aa8        0x0 ../final_proj_bsp/\libhal_bsp.a(alt_open.o)
 .data          0x0000000010006aa8        0x0 ../final_proj_bsp/\libhal_bsp.a(alt_release_fd.o)
 .data          0x0000000010006aa8        0x0 ../final_proj_bsp/\libhal_bsp.a(alt_tick.o)
 .data          0x0000000010006aa8        0x0 ../final_proj_bsp/\libhal_bsp.a(altera_nios2_gen2_irq.o)
 .data          0x0000000010006aa8        0x0 ../final_proj_bsp/\libhal_bsp.a(alt_exception_entry.o)
 .data          0x0000000010006aa8        0x0 ../final_proj_bsp/\libhal_bsp.a(alt_find_dev.o)
 .data          0x0000000010006aa8        0x0 ../final_proj_bsp/\libhal_bsp.a(alt_find_file.o)
 .data          0x0000000010006aa8        0x0 ../final_proj_bsp/\libhal_bsp.a(alt_get_fd.o)
 .data          0x0000000010006aa8        0x0 ../final_proj_bsp/\libhal_bsp.a(alt_instruction_exception_entry.o)
 .data          0x0000000010006aa8        0x0 c:/quartusprime/nios2eds/bin/gnu/h-x86_64-mingw32/bin/../lib/gcc/nios2-elf/5.3.0/../../../../../H-x86_64-mingw32/nios2-elf/lib/mno-hw-mul\libsmallc.a(lib_a-atexit.o)
 .data          0x0000000010006aa8        0x0 c:/quartusprime/nios2eds/bin/gnu/h-x86_64-mingw32/bin/../lib/gcc/nios2-elf/5.3.0/../../../../../H-x86_64-mingw32/nios2-elf/lib/mno-hw-mul\libsmallc.a(lib_a-exit.o)
 .data          0x0000000010006aa8        0x0 c:/quartusprime/nios2eds/bin/gnu/h-x86_64-mingw32/bin/../lib/gcc/nios2-elf/5.3.0/../../../../../H-x86_64-mingw32/nios2-elf/lib/mno-hw-mul\libsmallc.a(lib_a-memcmp.o)
 .data          0x0000000010006aa8        0x0 c:/quartusprime/nios2eds/bin/gnu/h-x86_64-mingw32/bin/../lib/gcc/nios2-elf/5.3.0/../../../../../H-x86_64-mingw32/nios2-elf/lib/mno-hw-mul\libsmallc.a(lib_a-memcpy.o)
 .data          0x0000000010006aa8        0x0 c:/quartusprime/nios2eds/bin/gnu/h-x86_64-mingw32/bin/../lib/gcc/nios2-elf/5.3.0/../../../../../H-x86_64-mingw32/nios2-elf/lib/mno-hw-mul\libsmallc.a(lib_a-__atexit.o)
 .data          0x0000000010006aa8        0x0 c:/quartusprime/nios2eds/bin/gnu/h-x86_64-mingw32/bin/../lib/gcc/nios2-elf/5.3.0/../../../../../H-x86_64-mingw32/nios2-elf/lib/mno-hw-mul\libsmallc.a(lib_a-__call_atexit.o)
 .data          0x0000000010006aa8        0x0 ../final_proj_bsp/\libhal_bsp.a(alt_exit.o)
                0x000000001000eaa8                _gp = ABSOLUTE ((. + 0x8000))
                [!provide]                        PROVIDE (gp, _gp)
 *(.rwdata .rwdata.*)
 *(.sdata .sdata.* .gnu.linkonce.s.*)
 .sdata._global_impure_ptr
                0x0000000010006aa8        0x4 c:/quartusprime/nios2eds/bin/gnu/h-x86_64-mingw32/bin/../lib/gcc/nios2-elf/5.3.0/../../../../../H-x86_64-mingw32/nios2-elf/lib/mno-hw-mul\libsmallc.a(lib_a-impure.o)
                0x0000000010006aa8                _global_impure_ptr
 .sdata._impure_ptr
                0x0000000010006aac        0x4 c:/quartusprime/nios2eds/bin/gnu/h-x86_64-mingw32/bin/../lib/gcc/nios2-elf/5.3.0/../../../../../H-x86_64-mingw32/nios2-elf/lib/mno-hw-mul\libsmallc.a(lib_a-impure.o)
                0x0000000010006aac                _impure_ptr
 .sdata         0x0000000010006ab0       0x14 ../final_proj_bsp/\libhal_bsp.a(alt_dev.o)
                0x0000000010006ab0                alt_fs_list
                0x0000000010006ab8                alt_dev_list
                0x0000000010006ac0                alt_max_fd
 .sdata         0x0000000010006ac4        0x4 ../final_proj_bsp/\libhal_bsp.a(alt_errno.o)
                0x0000000010006ac4                alt_errno
 .sdata         0x0000000010006ac8        0x4 ../final_proj_bsp/\libhal_bsp.a(alt_irq_vars.o)
                0x0000000010006ac8                alt_priority_mask
 .sdata         0x0000000010006acc        0x8 ../final_proj_bsp/\libhal_bsp.a(alt_tick.o)
                0x0000000010006acc                alt_alarm_list
 *(.sdata2 .sdata2.* .gnu.linkonce.s2.*)
                0x0000000010006ad4                . = ALIGN (0x4)
                0x0000000010006ad4                _edata = ABSOLUTE (.)
                [!provide]                        PROVIDE (edata, ABSOLUTE (.))
                0x0000000010006ad4                PROVIDE (__ram_rwdata_end, ABSOLUTE (.))
                0x0000000010006ad4                PROVIDE (__flash_rwdata_start, LOADADDR (.rwdata))

.bss            0x0000000010007de8      0x124
                0x0000000010007de8                __bss_start = ABSOLUTE (.)
                [!provide]                        PROVIDE (__sbss_start, ABSOLUTE (.))
                [!provide]                        PROVIDE (___sbss_start, ABSOLUTE (.))
 *(.dynsbss)
 *(.sbss .sbss.* .gnu.linkonce.sb.*)
 .sbss          0x0000000010007de8        0x4 obj/default/main.o
 .sbss          0x0000000010007dec        0x4 c:/quartusprime/nios2eds/bin/gnu/h-x86_64-mingw32/bin/../lib/gcc/nios2-elf/5.3.0/../../../../../H-x86_64-mingw32/nios2-elf/lib/mno-hw-mul\libsmallc.a(lib_a-int_errno.o)
                0x0000000010007dec                errno
 .sbss          0x0000000010007df0        0xc ../final_proj_bsp/\libhal_bsp.a(alt_main.o)
                0x0000000010007df0                alt_argc
                0x0000000010007df4                alt_argv
                0x0000000010007df8                alt_envp
 .sbss          0x0000000010007dfc        0x4 ../final_proj_bsp/\libhal_bsp.a(alt_irq_vars.o)
                0x0000000010007dfc                alt_irq_active
 .sbss          0x0000000010007e00        0x8 ../final_proj_bsp/\libhal_bsp.a(alt_tick.o)
                0x0000000010007e00                _alt_tick_rate
                0x0000000010007e04                _alt_nticks
 .sbss          0x0000000010007e08        0x4 ../final_proj_bsp/\libhal_bsp.a(alt_instruction_exception_entry.o)
                0x0000000010007e08                alt_instruction_exception_handler
 *(.sbss2 .sbss2.* .gnu.linkonce.sb2.*)
 *(.scommon)
                [!provide]                        PROVIDE (__sbss_end, ABSOLUTE (.))
                [!provide]                        PROVIDE (___sbss_end, ABSOLUTE (.))
 *(.dynbss)
 *(.bss .bss.* .gnu.linkonce.b.*)
 .bss           0x0000000010007e0c        0x0 ../final_proj_bsp//obj/HAL/src/crt0.o
 .bss           0x0000000010007e0c        0x0 obj/default/io_handler.o
 .bss           0x0000000010007e0c        0x0 obj/default/main.o
 .bss           0x0000000010007e0c        0x0 obj/default/usb.o
 .bss           0x0000000010007e0c        0x0 c:/quartusprime/nios2eds/bin/gnu/h-x86_64-mingw32/bin/../lib/gcc/nios2-elf/5.3.0/../../../../../H-x86_64-mingw32/nios2-elf/lib/mno-hw-mul\libsmallc.a(lib_a-printf.o)
 .bss           0x0000000010007e0c        0x0 c:/quartusprime/nios2eds/bin/gnu/h-x86_64-mingw32/bin/../lib/gcc/nios2-elf/5.3.0/../../../../../H-x86_64-mingw32/nios2-elf/lib/mno-hw-mul\libsmallc.a(lib_a-puts.o)
 .bss           0x0000000010007e0c        0x0 c:/quartusprime/nios2eds/bin/gnu/h-x86_64-mingw32/bin/../lib/gcc/nios2-elf/5.3.0/../../../../../H-x86_64-mingw32/nios2-elf/lib/mno-hw-mul\libsmallc.a(lib_a-strlen.o)
 .bss           0x0000000010007e0c        0x0 c:/quartusprime/nios2eds/bin/gnu/h-x86_64-mingw32/bin/../lib/gcc/nios2-elf/5.3.0/../../../../../H-x86_64-mingw32/nios2-elf/lib/mno-hw-mul\libsmallc.a(lib_a-vfprintf.o)
 .bss           0x0000000010007e0c        0x0 c:/quartusprime/nios2eds/bin/gnu/h-x86_64-mingw32/bin/../lib/gcc/nios2-elf/5.3.0/../../../../../H-x86_64-mingw32/nios2-elf/lib/mno-hw-mul\libsmallc.a(lib_a-fvwrite_small_dev.o)
 .bss           0x0000000010007e0c        0x0 c:/quartusprime/nios2eds/bin/gnu/h-x86_64-mingw32/bin/../lib/gcc/nios2-elf/5.3.0/../../../../../H-x86_64-mingw32/nios2-elf/lib/mno-hw-mul\libsmallc.a(lib_a-impure.o)
 .bss           0x0000000010007e0c        0x0 c:/quartusprime/nios2eds/bin/gnu/h-x86_64-mingw32/bin/../lib/gcc/nios2-elf/5.3.0/../../../../../H-x86_64-mingw32/nios2-elf/lib/mno-hw-mul\libsmallc.a(lib_a-writer.o)
 .bss           0x0000000010007e0c        0x0 c:/quartusprime/nios2eds/bin/gnu/h-x86_64-mingw32/bin/../lib/gcc/nios2-elf/5.3.0/../../../../../H-x86_64-mingw32/nios2-elf/lib/mno-hw-mul\libsmallc.a(lib_a-int_errno.o)
 .bss           0x0000000010007e0c        0x0 c:/quartusprime/nios2eds/bin/gnu/h-x86_64-mingw32/bin/../lib/gcc/nios2-elf/5.3.0/mno-hw-mul\libgcc.a(lib2-divmod.o)
 .bss           0x0000000010007e0c        0x0 c:/quartusprime/nios2eds/bin/gnu/h-x86_64-mingw32/bin/../lib/gcc/nios2-elf/5.3.0/mno-hw-mul\libgcc.a(lib2-mul.o)
 .bss           0x0000000010007e0c        0x0 ../final_proj_bsp/\libhal_bsp.a(alt_load.o)
 .bss           0x0000000010007e0c        0x0 ../final_proj_bsp/\libhal_bsp.a(alt_main.o)
 .bss           0x0000000010007e0c        0x0 ../final_proj_bsp/\libhal_bsp.a(alt_usleep.o)
 .bss           0x0000000010007e0c        0x0 ../final_proj_bsp/\libhal_bsp.a(alt_write.o)
 .bss           0x0000000010007e0c        0x0 ../final_proj_bsp/\libhal_bsp.a(alt_sys_init.o)
 .bss           0x0000000010007e0c        0x0 ../final_proj_bsp/\libhal_bsp.a(altera_avalon_jtag_uart_fd.o)
 .bss           0x0000000010007e0c        0x0 ../final_proj_bsp/\libhal_bsp.a(altera_avalon_jtag_uart_init.o)
 .bss           0x0000000010007e0c        0x0 ../final_proj_bsp/\libhal_bsp.a(altera_avalon_jtag_uart_ioctl.o)
 .bss           0x0000000010007e0c        0x0 ../final_proj_bsp/\libhal_bsp.a(altera_avalon_jtag_uart_read.o)
 .bss           0x0000000010007e0c        0x0 ../final_proj_bsp/\libhal_bsp.a(altera_avalon_jtag_uart_write.o)
 .bss           0x0000000010007e0c        0x0 ../final_proj_bsp/\libhal_bsp.a(alt_alarm_start.o)
 .bss           0x0000000010007e0c        0x0 ../final_proj_bsp/\libhal_bsp.a(alt_busy_sleep.o)
 .bss           0x0000000010007e0c        0x0 ../final_proj_bsp/\libhal_bsp.a(alt_close.o)
 .bss           0x0000000010007e0c        0x0 ../final_proj_bsp/\libhal_bsp.a(alt_dcache_flush_all.o)
 .bss           0x0000000010007e0c        0x0 ../final_proj_bsp/\libhal_bsp.a(alt_dev.o)
 .bss           0x0000000010007e0c        0x0 ../final_proj_bsp/\libhal_bsp.a(alt_dev_llist_insert.o)
 .bss           0x0000000010007e0c        0x0 ../final_proj_bsp/\libhal_bsp.a(alt_do_ctors.o)
 .bss           0x0000000010007e0c        0x0 ../final_proj_bsp/\libhal_bsp.a(alt_do_dtors.o)
 .bss           0x0000000010007e0c        0x0 ../final_proj_bsp/\libhal_bsp.a(alt_errno.o)
 .bss           0x0000000010007e0c        0x0 ../final_proj_bsp/\libhal_bsp.a(alt_icache_flush_all.o)
 .bss           0x0000000010007e0c        0x0 ../final_proj_bsp/\libhal_bsp.a(alt_iic.o)
 .bss           0x0000000010007e0c        0x0 ../final_proj_bsp/\libhal_bsp.a(alt_iic_isr_register.o)
 .bss           0x0000000010007e0c        0x0 ../final_proj_bsp/\libhal_bsp.a(alt_io_redirect.o)
 .bss           0x0000000010007e0c        0x0 ../final_proj_bsp/\libhal_bsp.a(alt_irq_entry.o)
 .bss           0x0000000010007e0c        0x0 ../final_proj_bsp/\libhal_bsp.a(alt_irq_handler.o)
 .bss           0x0000000010007e0c        0x0 ../final_proj_bsp/\libhal_bsp.a(alt_irq_vars.o)
 .bss           0x0000000010007e0c        0x0 ../final_proj_bsp/\libhal_bsp.a(alt_open.o)
 .bss           0x0000000010007e0c        0x0 ../final_proj_bsp/\libhal_bsp.a(alt_release_fd.o)
 .bss           0x0000000010007e0c        0x0 ../final_proj_bsp/\libhal_bsp.a(alt_tick.o)
 .bss           0x0000000010007e0c        0x0 ../final_proj_bsp/\libhal_bsp.a(altera_nios2_gen2_irq.o)
 .bss           0x0000000010007e0c        0x0 ../final_proj_bsp/\libhal_bsp.a(alt_exception_entry.o)
 .bss           0x0000000010007e0c        0x0 ../final_proj_bsp/\libhal_bsp.a(alt_find_dev.o)
 .bss           0x0000000010007e0c        0x0 ../final_proj_bsp/\libhal_bsp.a(alt_find_file.o)
 .bss           0x0000000010007e0c        0x0 ../final_proj_bsp/\libhal_bsp.a(alt_get_fd.o)
 .bss           0x0000000010007e0c        0x0 ../final_proj_bsp/\libhal_bsp.a(alt_instruction_exception_entry.o)
 .bss           0x0000000010007e0c        0x0 c:/quartusprime/nios2eds/bin/gnu/h-x86_64-mingw32/bin/../lib/gcc/nios2-elf/5.3.0/../../../../../H-x86_64-mingw32/nios2-elf/lib/mno-hw-mul\libsmallc.a(lib_a-atexit.o)
 .bss           0x0000000010007e0c        0x0 c:/quartusprime/nios2eds/bin/gnu/h-x86_64-mingw32/bin/../lib/gcc/nios2-elf/5.3.0/../../../../../H-x86_64-mingw32/nios2-elf/lib/mno-hw-mul\libsmallc.a(lib_a-exit.o)
 .bss           0x0000000010007e0c        0x0 c:/quartusprime/nios2eds/bin/gnu/h-x86_64-mingw32/bin/../lib/gcc/nios2-elf/5.3.0/../../../../../H-x86_64-mingw32/nios2-elf/lib/mno-hw-mul\libsmallc.a(lib_a-memcmp.o)
 .bss           0x0000000010007e0c        0x0 c:/quartusprime/nios2eds/bin/gnu/h-x86_64-mingw32/bin/../lib/gcc/nios2-elf/5.3.0/../../../../../H-x86_64-mingw32/nios2-elf/lib/mno-hw-mul\libsmallc.a(lib_a-memcpy.o)
 .bss           0x0000000010007e0c        0x0 c:/quartusprime/nios2eds/bin/gnu/h-x86_64-mingw32/bin/../lib/gcc/nios2-elf/5.3.0/../../../../../H-x86_64-mingw32/nios2-elf/lib/mno-hw-mul\libsmallc.a(lib_a-__atexit.o)
 .bss           0x0000000010007e0c        0x0 c:/quartusprime/nios2eds/bin/gnu/h-x86_64-mingw32/bin/../lib/gcc/nios2-elf/5.3.0/../../../../../H-x86_64-mingw32/nios2-elf/lib/mno-hw-mul\libsmallc.a(lib_a-__call_atexit.o)
 .bss           0x0000000010007e0c        0x0 ../final_proj_bsp/\libhal_bsp.a(alt_exit.o)
 *(COMMON)
 COMMON         0x0000000010007e0c      0x100 ../final_proj_bsp/\libhal_bsp.a(alt_irq_handler.o)
                0x0000000010007e0c                alt_irq
                0x0000000010007f0c                . = ALIGN (0x4)
                0x0000000010007f0c                __bss_end = ABSOLUTE (.)

.onchip_memory2_0
                0x0000000000000000        0x0 load address 0x0000000010007f0c
                [!provide]                        PROVIDE (_alt_partition_onchip_memory2_0_start, ABSOLUTE (.))
 *(.onchip_memory2_0 .onchip_memory2_0. onchip_memory2_0.*)
                0x0000000000000000                . = ALIGN (0x4)
                [!provide]                        PROVIDE (_alt_partition_onchip_memory2_0_end, ABSOLUTE (.))
                [!provide]                        PROVIDE (_alt_partition_onchip_memory2_0_load_addr, LOADADDR (.onchip_memory2_0))

.sdram          0x0000000010007f0c        0x0
                [!provide]                        PROVIDE (_alt_partition_sdram_start, ABSOLUTE (.))
 *(.sdram .sdram. sdram.*)
                0x0000000010007f0c                . = ALIGN (0x4)
                [!provide]                        PROVIDE (_alt_partition_sdram_end, ABSOLUTE (.))
                0x0000000010007f0c                _end = ABSOLUTE (.)
                0x0000000010007f0c                end = ABSOLUTE (.)
                0x0000000010007f0c                __alt_stack_base = ABSOLUTE (.)
                [!provide]                        PROVIDE (_alt_partition_sdram_load_addr, LOADADDR (.sdram))

.stab
 *(.stab)

.stabstr
 *(.stabstr)

.stab.excl
 *(.stab.excl)

.stab.exclstr
 *(.stab.exclstr)

.stab.index
 *(.stab.index)

.stab.indexstr
 *(.stab.indexstr)

.comment        0x0000000000000000       0x23
 *(.comment)
 .comment       0x0000000000000000       0x23 obj/default/io_handler.o
                                         0x24 (size before relaxing)
 .comment       0x0000000000000023       0x24 obj/default/main.o
 .comment       0x0000000000000023       0x24 obj/default/usb.o
 .comment       0x0000000000000023       0x24 c:/quartusprime/nios2eds/bin/gnu/h-x86_64-mingw32/bin/../lib/gcc/nios2-elf/5.3.0/../../../../../H-x86_64-mingw32/nios2-elf/lib/mno-hw-mul\libsmallc.a(lib_a-printf.o)
 .comment       0x0000000000000023       0x24 c:/quartusprime/nios2eds/bin/gnu/h-x86_64-mingw32/bin/../lib/gcc/nios2-elf/5.3.0/../../../../../H-x86_64-mingw32/nios2-elf/lib/mno-hw-mul\libsmallc.a(lib_a-puts.o)
 .comment       0x0000000000000023       0x24 c:/quartusprime/nios2eds/bin/gnu/h-x86_64-mingw32/bin/../lib/gcc/nios2-elf/5.3.0/../../../../../H-x86_64-mingw32/nios2-elf/lib/mno-hw-mul\libsmallc.a(lib_a-strlen.o)
 .comment       0x0000000000000023       0x24 c:/quartusprime/nios2eds/bin/gnu/h-x86_64-mingw32/bin/../lib/gcc/nios2-elf/5.3.0/../../../../../H-x86_64-mingw32/nios2-elf/lib/mno-hw-mul\libsmallc.a(lib_a-vfprintf.o)
 .comment       0x0000000000000023       0x24 c:/quartusprime/nios2eds/bin/gnu/h-x86_64-mingw32/bin/../lib/gcc/nios2-elf/5.3.0/../../../../../H-x86_64-mingw32/nios2-elf/lib/mno-hw-mul\libsmallc.a(lib_a-fvwrite_small_dev.o)
 .comment       0x0000000000000023       0x24 c:/quartusprime/nios2eds/bin/gnu/h-x86_64-mingw32/bin/../lib/gcc/nios2-elf/5.3.0/../../../../../H-x86_64-mingw32/nios2-elf/lib/mno-hw-mul\libsmallc.a(lib_a-impure.o)
 .comment       0x0000000000000023       0x24 c:/quartusprime/nios2eds/bin/gnu/h-x86_64-mingw32/bin/../lib/gcc/nios2-elf/5.3.0/../../../../../H-x86_64-mingw32/nios2-elf/lib/mno-hw-mul\libsmallc.a(lib_a-writer.o)
 .comment       0x0000000000000023       0x24 c:/quartusprime/nios2eds/bin/gnu/h-x86_64-mingw32/bin/../lib/gcc/nios2-elf/5.3.0/../../../../../H-x86_64-mingw32/nios2-elf/lib/mno-hw-mul\libsmallc.a(lib_a-int_errno.o)
 .comment       0x0000000000000023       0x24 c:/quartusprime/nios2eds/bin/gnu/h-x86_64-mingw32/bin/../lib/gcc/nios2-elf/5.3.0/mno-hw-mul\libgcc.a(lib2-divmod.o)
 .comment       0x0000000000000023       0x24 c:/quartusprime/nios2eds/bin/gnu/h-x86_64-mingw32/bin/../lib/gcc/nios2-elf/5.3.0/mno-hw-mul\libgcc.a(lib2-mul.o)
 .comment       0x0000000000000023       0x24 ../final_proj_bsp/\libhal_bsp.a(alt_load.o)
 .comment       0x0000000000000023       0x24 ../final_proj_bsp/\libhal_bsp.a(alt_main.o)
 .comment       0x0000000000000023       0x24 ../final_proj_bsp/\libhal_bsp.a(alt_usleep.o)
 .comment       0x0000000000000023       0x24 ../final_proj_bsp/\libhal_bsp.a(alt_write.o)
 .comment       0x0000000000000023       0x24 ../final_proj_bsp/\libhal_bsp.a(alt_sys_init.o)
 .comment       0x0000000000000023       0x24 ../final_proj_bsp/\libhal_bsp.a(altera_avalon_jtag_uart_fd.o)
 .comment       0x0000000000000023       0x24 ../final_proj_bsp/\libhal_bsp.a(altera_avalon_jtag_uart_init.o)
 .comment       0x0000000000000023       0x24 ../final_proj_bsp/\libhal_bsp.a(altera_avalon_jtag_uart_ioctl.o)
 .comment       0x0000000000000023       0x24 ../final_proj_bsp/\libhal_bsp.a(altera_avalon_jtag_uart_read.o)
 .comment       0x0000000000000023       0x24 ../final_proj_bsp/\libhal_bsp.a(altera_avalon_jtag_uart_write.o)
 .comment       0x0000000000000023       0x24 ../final_proj_bsp/\libhal_bsp.a(alt_alarm_start.o)
 .comment       0x0000000000000023       0x24 ../final_proj_bsp/\libhal_bsp.a(alt_busy_sleep.o)
 .comment       0x0000000000000023       0x24 ../final_proj_bsp/\libhal_bsp.a(alt_close.o)
 .comment       0x0000000000000023       0x24 ../final_proj_bsp/\libhal_bsp.a(alt_dcache_flush_all.o)
 .comment       0x0000000000000023       0x24 ../final_proj_bsp/\libhal_bsp.a(alt_dev.o)
 .comment       0x0000000000000023       0x24 ../final_proj_bsp/\libhal_bsp.a(alt_dev_llist_insert.o)
 .comment       0x0000000000000023       0x24 ../final_proj_bsp/\libhal_bsp.a(alt_do_ctors.o)
 .comment       0x0000000000000023       0x24 ../final_proj_bsp/\libhal_bsp.a(alt_do_dtors.o)
 .comment       0x0000000000000023       0x24 ../final_proj_bsp/\libhal_bsp.a(alt_errno.o)
 .comment       0x0000000000000023       0x24 ../final_proj_bsp/\libhal_bsp.a(alt_icache_flush_all.o)
 .comment       0x0000000000000023       0x24 ../final_proj_bsp/\libhal_bsp.a(alt_iic.o)
 .comment       0x0000000000000023       0x24 ../final_proj_bsp/\libhal_bsp.a(alt_iic_isr_register.o)
 .comment       0x0000000000000023       0x24 ../final_proj_bsp/\libhal_bsp.a(alt_io_redirect.o)
 .comment       0x0000000000000023       0x24 ../final_proj_bsp/\libhal_bsp.a(alt_irq_handler.o)
 .comment       0x0000000000000023       0x24 ../final_proj_bsp/\libhal_bsp.a(alt_irq_vars.o)
 .comment       0x0000000000000023       0x24 ../final_proj_bsp/\libhal_bsp.a(alt_open.o)
 .comment       0x0000000000000023       0x24 ../final_proj_bsp/\libhal_bsp.a(alt_release_fd.o)
 .comment       0x0000000000000023       0x24 ../final_proj_bsp/\libhal_bsp.a(alt_tick.o)
 .comment       0x0000000000000023       0x24 ../final_proj_bsp/\libhal_bsp.a(altera_nios2_gen2_irq.o)
 .comment       0x0000000000000023       0x24 ../final_proj_bsp/\libhal_bsp.a(alt_find_dev.o)
 .comment       0x0000000000000023       0x24 ../final_proj_bsp/\libhal_bsp.a(alt_find_file.o)
 .comment       0x0000000000000023       0x24 ../final_proj_bsp/\libhal_bsp.a(alt_get_fd.o)
 .comment       0x0000000000000023       0x24 ../final_proj_bsp/\libhal_bsp.a(alt_instruction_exception_entry.o)
 .comment       0x0000000000000023       0x24 c:/quartusprime/nios2eds/bin/gnu/h-x86_64-mingw32/bin/../lib/gcc/nios2-elf/5.3.0/../../../../../H-x86_64-mingw32/nios2-elf/lib/mno-hw-mul\libsmallc.a(lib_a-atexit.o)
 .comment       0x0000000000000023       0x24 c:/quartusprime/nios2eds/bin/gnu/h-x86_64-mingw32/bin/../lib/gcc/nios2-elf/5.3.0/../../../../../H-x86_64-mingw32/nios2-elf/lib/mno-hw-mul\libsmallc.a(lib_a-exit.o)
 .comment       0x0000000000000023       0x24 c:/quartusprime/nios2eds/bin/gnu/h-x86_64-mingw32/bin/../lib/gcc/nios2-elf/5.3.0/../../../../../H-x86_64-mingw32/nios2-elf/lib/mno-hw-mul\libsmallc.a(lib_a-memcmp.o)
 .comment       0x0000000000000023       0x24 c:/quartusprime/nios2eds/bin/gnu/h-x86_64-mingw32/bin/../lib/gcc/nios2-elf/5.3.0/../../../../../H-x86_64-mingw32/nios2-elf/lib/mno-hw-mul\libsmallc.a(lib_a-memcpy.o)
 .comment       0x0000000000000023       0x24 c:/quartusprime/nios2eds/bin/gnu/h-x86_64-mingw32/bin/../lib/gcc/nios2-elf/5.3.0/../../../../../H-x86_64-mingw32/nios2-elf/lib/mno-hw-mul\libsmallc.a(lib_a-__atexit.o)
 .comment       0x0000000000000023       0x24 c:/quartusprime/nios2eds/bin/gnu/h-x86_64-mingw32/bin/../lib/gcc/nios2-elf/5.3.0/../../../../../H-x86_64-mingw32/nios2-elf/lib/mno-hw-mul\libsmallc.a(lib_a-__call_atexit.o)
 .comment       0x0000000000000023       0x24 ../final_proj_bsp/\libhal_bsp.a(alt_exit.o)

.debug
 *(.debug)

.line
 *(.line)

.debug_srcinfo
 *(.debug_srcinfo)

.debug_sfnames
 *(.debug_sfnames)

.debug_aranges  0x0000000000000000      0x738
 *(.debug_aranges)
 .debug_aranges
                0x0000000000000000       0x28 ../final_proj_bsp//obj/HAL/src/crt0.o
 .debug_aranges
                0x0000000000000028       0x20 obj/default/io_handler.o
 .debug_aranges
                0x0000000000000048       0x20 obj/default/main.o
 .debug_aranges
                0x0000000000000068       0x20 obj/default/usb.o
 .debug_aranges
                0x0000000000000088       0x28 c:/quartusprime/nios2eds/bin/gnu/h-x86_64-mingw32/bin/../lib/gcc/nios2-elf/5.3.0/../../../../../H-x86_64-mingw32/nios2-elf/lib/mno-hw-mul\libsmallc.a(lib_a-printf.o)
 .debug_aranges
                0x00000000000000b0       0x28 c:/quartusprime/nios2eds/bin/gnu/h-x86_64-mingw32/bin/../lib/gcc/nios2-elf/5.3.0/../../../../../H-x86_64-mingw32/nios2-elf/lib/mno-hw-mul\libsmallc.a(lib_a-puts.o)
 .debug_aranges
                0x00000000000000d8       0x20 c:/quartusprime/nios2eds/bin/gnu/h-x86_64-mingw32/bin/../lib/gcc/nios2-elf/5.3.0/../../../../../H-x86_64-mingw32/nios2-elf/lib/mno-hw-mul\libsmallc.a(lib_a-strlen.o)
 .debug_aranges
                0x00000000000000f8       0x30 c:/quartusprime/nios2eds/bin/gnu/h-x86_64-mingw32/bin/../lib/gcc/nios2-elf/5.3.0/../../../../../H-x86_64-mingw32/nios2-elf/lib/mno-hw-mul\libsmallc.a(lib_a-vfprintf.o)
 .debug_aranges
                0x0000000000000128       0x20 c:/quartusprime/nios2eds/bin/gnu/h-x86_64-mingw32/bin/../lib/gcc/nios2-elf/5.3.0/../../../../../H-x86_64-mingw32/nios2-elf/lib/mno-hw-mul\libsmallc.a(lib_a-fvwrite_small_dev.o)
 .debug_aranges
                0x0000000000000148       0x18 c:/quartusprime/nios2eds/bin/gnu/h-x86_64-mingw32/bin/../lib/gcc/nios2-elf/5.3.0/../../../../../H-x86_64-mingw32/nios2-elf/lib/mno-hw-mul\libsmallc.a(lib_a-impure.o)
 .debug_aranges
                0x0000000000000160       0x20 c:/quartusprime/nios2eds/bin/gnu/h-x86_64-mingw32/bin/../lib/gcc/nios2-elf/5.3.0/../../../../../H-x86_64-mingw32/nios2-elf/lib/mno-hw-mul\libsmallc.a(lib_a-writer.o)
 .debug_aranges
                0x0000000000000180       0x18 c:/quartusprime/nios2eds/bin/gnu/h-x86_64-mingw32/bin/../lib/gcc/nios2-elf/5.3.0/../../../../../H-x86_64-mingw32/nios2-elf/lib/mno-hw-mul\libsmallc.a(lib_a-int_errno.o)
 .debug_aranges
                0x0000000000000198       0x20 c:/quartusprime/nios2eds/bin/gnu/h-x86_64-mingw32/bin/../lib/gcc/nios2-elf/5.3.0/mno-hw-mul\libgcc.a(lib2-divmod.o)
 .debug_aranges
                0x00000000000001b8       0x20 c:/quartusprime/nios2eds/bin/gnu/h-x86_64-mingw32/bin/../lib/gcc/nios2-elf/5.3.0/mno-hw-mul\libgcc.a(lib2-mul.o)
 .debug_aranges
                0x00000000000001d8       0x20 ../final_proj_bsp/\libhal_bsp.a(alt_load.o)
 .debug_aranges
                0x00000000000001f8       0x20 ../final_proj_bsp/\libhal_bsp.a(alt_main.o)
 .debug_aranges
                0x0000000000000218       0x20 ../final_proj_bsp/\libhal_bsp.a(alt_usleep.o)
 .debug_aranges
                0x0000000000000238       0x20 ../final_proj_bsp/\libhal_bsp.a(alt_write.o)
 .debug_aranges
                0x0000000000000258       0x20 ../final_proj_bsp/\libhal_bsp.a(alt_sys_init.o)
 .debug_aranges
                0x0000000000000278       0x20 ../final_proj_bsp/\libhal_bsp.a(altera_avalon_jtag_uart_fd.o)
 .debug_aranges
                0x0000000000000298       0x20 ../final_proj_bsp/\libhal_bsp.a(altera_avalon_jtag_uart_init.o)
 .debug_aranges
                0x00000000000002b8       0x20 ../final_proj_bsp/\libhal_bsp.a(altera_avalon_jtag_uart_ioctl.o)
 .debug_aranges
                0x00000000000002d8       0x20 ../final_proj_bsp/\libhal_bsp.a(altera_avalon_jtag_uart_read.o)
 .debug_aranges
                0x00000000000002f8       0x20 ../final_proj_bsp/\libhal_bsp.a(altera_avalon_jtag_uart_write.o)
 .debug_aranges
                0x0000000000000318       0x20 ../final_proj_bsp/\libhal_bsp.a(alt_alarm_start.o)
 .debug_aranges
                0x0000000000000338       0x20 ../final_proj_bsp/\libhal_bsp.a(alt_busy_sleep.o)
 .debug_aranges
                0x0000000000000358       0x20 ../final_proj_bsp/\libhal_bsp.a(alt_close.o)
 .debug_aranges
                0x0000000000000378       0x20 ../final_proj_bsp/\libhal_bsp.a(alt_dcache_flush_all.o)
 .debug_aranges
                0x0000000000000398       0x20 ../final_proj_bsp/\libhal_bsp.a(alt_dev.o)
 .debug_aranges
                0x00000000000003b8       0x20 ../final_proj_bsp/\libhal_bsp.a(alt_dev_llist_insert.o)
 .debug_aranges
                0x00000000000003d8       0x20 ../final_proj_bsp/\libhal_bsp.a(alt_do_ctors.o)
 .debug_aranges
                0x00000000000003f8       0x20 ../final_proj_bsp/\libhal_bsp.a(alt_do_dtors.o)
 .debug_aranges
                0x0000000000000418       0x18 ../final_proj_bsp/\libhal_bsp.a(alt_errno.o)
 .debug_aranges
                0x0000000000000430       0x20 ../final_proj_bsp/\libhal_bsp.a(alt_icache_flush_all.o)
 .debug_aranges
                0x0000000000000450       0x20 ../final_proj_bsp/\libhal_bsp.a(alt_iic.o)
 .debug_aranges
                0x0000000000000470       0x20 ../final_proj_bsp/\libhal_bsp.a(alt_iic_isr_register.o)
 .debug_aranges
                0x0000000000000490       0x20 ../final_proj_bsp/\libhal_bsp.a(alt_io_redirect.o)
 .debug_aranges
                0x00000000000004b0       0x30 ../final_proj_bsp/\libhal_bsp.a(alt_irq_entry.o)
 .debug_aranges
                0x00000000000004e0       0x20 ../final_proj_bsp/\libhal_bsp.a(alt_irq_handler.o)
 .debug_aranges
                0x0000000000000500       0x18 ../final_proj_bsp/\libhal_bsp.a(alt_irq_vars.o)
 .debug_aranges
                0x0000000000000518       0x20 ../final_proj_bsp/\libhal_bsp.a(alt_open.o)
 .debug_aranges
                0x0000000000000538       0x20 ../final_proj_bsp/\libhal_bsp.a(alt_release_fd.o)
 .debug_aranges
                0x0000000000000558       0x20 ../final_proj_bsp/\libhal_bsp.a(alt_tick.o)
 .debug_aranges
                0x0000000000000578       0x20 ../final_proj_bsp/\libhal_bsp.a(altera_nios2_gen2_irq.o)
 .debug_aranges
                0x0000000000000598       0x38 ../final_proj_bsp/\libhal_bsp.a(alt_exception_entry.o)
 .debug_aranges
                0x00000000000005d0       0x20 ../final_proj_bsp/\libhal_bsp.a(alt_find_dev.o)
 .debug_aranges
                0x00000000000005f0       0x20 ../final_proj_bsp/\libhal_bsp.a(alt_find_file.o)
 .debug_aranges
                0x0000000000000610       0x20 ../final_proj_bsp/\libhal_bsp.a(alt_get_fd.o)
 .debug_aranges
                0x0000000000000630       0x28 ../final_proj_bsp/\libhal_bsp.a(alt_instruction_exception_entry.o)
 .debug_aranges
                0x0000000000000658       0x20 c:/quartusprime/nios2eds/bin/gnu/h-x86_64-mingw32/bin/../lib/gcc/nios2-elf/5.3.0/../../../../../H-x86_64-mingw32/nios2-elf/lib/mno-hw-mul\libsmallc.a(lib_a-atexit.o)
 .debug_aranges
                0x0000000000000678       0x20 c:/quartusprime/nios2eds/bin/gnu/h-x86_64-mingw32/bin/../lib/gcc/nios2-elf/5.3.0/../../../../../H-x86_64-mingw32/nios2-elf/lib/mno-hw-mul\libsmallc.a(lib_a-exit.o)
 .debug_aranges
                0x0000000000000698       0x20 c:/quartusprime/nios2eds/bin/gnu/h-x86_64-mingw32/bin/../lib/gcc/nios2-elf/5.3.0/../../../../../H-x86_64-mingw32/nios2-elf/lib/mno-hw-mul\libsmallc.a(lib_a-memcmp.o)
 .debug_aranges
                0x00000000000006b8       0x20 c:/quartusprime/nios2eds/bin/gnu/h-x86_64-mingw32/bin/../lib/gcc/nios2-elf/5.3.0/../../../../../H-x86_64-mingw32/nios2-elf/lib/mno-hw-mul\libsmallc.a(lib_a-memcpy.o)
 .debug_aranges
                0x00000000000006d8       0x20 c:/quartusprime/nios2eds/bin/gnu/h-x86_64-mingw32/bin/../lib/gcc/nios2-elf/5.3.0/../../../../../H-x86_64-mingw32/nios2-elf/lib/mno-hw-mul\libsmallc.a(lib_a-__atexit.o)
 .debug_aranges
                0x00000000000006f8       0x20 c:/quartusprime/nios2eds/bin/gnu/h-x86_64-mingw32/bin/../lib/gcc/nios2-elf/5.3.0/../../../../../H-x86_64-mingw32/nios2-elf/lib/mno-hw-mul\libsmallc.a(lib_a-__call_atexit.o)
 .debug_aranges
                0x0000000000000718       0x20 ../final_proj_bsp/\libhal_bsp.a(alt_exit.o)

.debug_pubnames
 *(.debug_pubnames)

.debug_info     0x0000000000000000     0x9558
 *(.debug_info .gnu.linkonce.wi.*)
 .debug_info    0x0000000000000000       0x82 ../final_proj_bsp//obj/HAL/src/crt0.o
 .debug_info    0x0000000000000082      0x10c obj/default/io_handler.o
 .debug_info    0x000000000000018e      0x14a obj/default/main.o
 .debug_info    0x00000000000002d8      0x226 obj/default/usb.o
 .debug_info    0x00000000000004fe      0x699 c:/quartusprime/nios2eds/bin/gnu/h-x86_64-mingw32/bin/../lib/gcc/nios2-elf/5.3.0/../../../../../H-x86_64-mingw32/nios2-elf/lib/mno-hw-mul\libsmallc.a(lib_a-printf.o)
 .debug_info    0x0000000000000b97      0x66d c:/quartusprime/nios2eds/bin/gnu/h-x86_64-mingw32/bin/../lib/gcc/nios2-elf/5.3.0/../../../../../H-x86_64-mingw32/nios2-elf/lib/mno-hw-mul\libsmallc.a(lib_a-puts.o)
 .debug_info    0x0000000000001204       0xc9 c:/quartusprime/nios2eds/bin/gnu/h-x86_64-mingw32/bin/../lib/gcc/nios2-elf/5.3.0/../../../../../H-x86_64-mingw32/nios2-elf/lib/mno-hw-mul\libsmallc.a(lib_a-strlen.o)
 .debug_info    0x00000000000012cd      0xb2b c:/quartusprime/nios2eds/bin/gnu/h-x86_64-mingw32/bin/../lib/gcc/nios2-elf/5.3.0/../../../../../H-x86_64-mingw32/nios2-elf/lib/mno-hw-mul\libsmallc.a(lib_a-vfprintf.o)
 .debug_info    0x0000000000001df8      0x62b c:/quartusprime/nios2eds/bin/gnu/h-x86_64-mingw32/bin/../lib/gcc/nios2-elf/5.3.0/../../../../../H-x86_64-mingw32/nios2-elf/lib/mno-hw-mul\libsmallc.a(lib_a-fvwrite_small_dev.o)
 .debug_info    0x0000000000002423      0x5a9 c:/quartusprime/nios2eds/bin/gnu/h-x86_64-mingw32/bin/../lib/gcc/nios2-elf/5.3.0/../../../../../H-x86_64-mingw32/nios2-elf/lib/mno-hw-mul\libsmallc.a(lib_a-impure.o)
 .debug_info    0x00000000000029cc      0x630 c:/quartusprime/nios2eds/bin/gnu/h-x86_64-mingw32/bin/../lib/gcc/nios2-elf/5.3.0/../../../../../H-x86_64-mingw32/nios2-elf/lib/mno-hw-mul\libsmallc.a(lib_a-writer.o)
 .debug_info    0x0000000000002ffc       0x8a c:/quartusprime/nios2eds/bin/gnu/h-x86_64-mingw32/bin/../lib/gcc/nios2-elf/5.3.0/../../../../../H-x86_64-mingw32/nios2-elf/lib/mno-hw-mul\libsmallc.a(lib_a-int_errno.o)
 .debug_info    0x0000000000003086      0x2c6 c:/quartusprime/nios2eds/bin/gnu/h-x86_64-mingw32/bin/../lib/gcc/nios2-elf/5.3.0/mno-hw-mul\libgcc.a(lib2-divmod.o)
 .debug_info    0x000000000000334c       0xb4 c:/quartusprime/nios2eds/bin/gnu/h-x86_64-mingw32/bin/../lib/gcc/nios2-elf/5.3.0/mno-hw-mul\libgcc.a(lib2-mul.o)
 .debug_info    0x0000000000003400      0x145 ../final_proj_bsp/\libhal_bsp.a(alt_load.o)
 .debug_info    0x0000000000003545      0x131 ../final_proj_bsp/\libhal_bsp.a(alt_main.o)
 .debug_info    0x0000000000003676       0xb0 ../final_proj_bsp/\libhal_bsp.a(alt_usleep.o)
 .debug_info    0x0000000000003726      0x4b7 ../final_proj_bsp/\libhal_bsp.a(alt_write.o)
 .debug_info    0x0000000000003bdd      0x4c3 ../final_proj_bsp/\libhal_bsp.a(alt_sys_init.o)
 .debug_info    0x00000000000040a0      0x52e ../final_proj_bsp/\libhal_bsp.a(altera_avalon_jtag_uart_fd.o)
 .debug_info    0x00000000000045ce      0x3a0 ../final_proj_bsp/\libhal_bsp.a(altera_avalon_jtag_uart_init.o)
 .debug_info    0x000000000000496e      0x280 ../final_proj_bsp/\libhal_bsp.a(altera_avalon_jtag_uart_ioctl.o)
 .debug_info    0x0000000000004bee      0x345 ../final_proj_bsp/\libhal_bsp.a(altera_avalon_jtag_uart_read.o)
 .debug_info    0x0000000000004f33      0x340 ../final_proj_bsp/\libhal_bsp.a(altera_avalon_jtag_uart_write.o)
 .debug_info    0x0000000000005273      0x2cc ../final_proj_bsp/\libhal_bsp.a(alt_alarm_start.o)
 .debug_info    0x000000000000553f       0xd7 ../final_proj_bsp/\libhal_bsp.a(alt_busy_sleep.o)
 .debug_info    0x0000000000005616      0x321 ../final_proj_bsp/\libhal_bsp.a(alt_close.o)
 .debug_info    0x0000000000005937       0x92 ../final_proj_bsp/\libhal_bsp.a(alt_dcache_flush_all.o)
 .debug_info    0x00000000000059c9      0x49c ../final_proj_bsp/\libhal_bsp.a(alt_dev.o)
 .debug_info    0x0000000000005e65      0x1a9 ../final_proj_bsp/\libhal_bsp.a(alt_dev_llist_insert.o)
 .debug_info    0x000000000000600e       0x83 ../final_proj_bsp/\libhal_bsp.a(alt_do_ctors.o)
 .debug_info    0x0000000000006091       0x83 ../final_proj_bsp/\libhal_bsp.a(alt_do_dtors.o)
 .debug_info    0x0000000000006114       0xa6 ../final_proj_bsp/\libhal_bsp.a(alt_errno.o)
 .debug_info    0x00000000000061ba       0x92 ../final_proj_bsp/\libhal_bsp.a(alt_icache_flush_all.o)
 .debug_info    0x000000000000624c      0x350 ../final_proj_bsp/\libhal_bsp.a(alt_iic.o)
 .debug_info    0x000000000000659c      0x1ef ../final_proj_bsp/\libhal_bsp.a(alt_iic_isr_register.o)
 .debug_info    0x000000000000678b      0x4a5 ../final_proj_bsp/\libhal_bsp.a(alt_io_redirect.o)
 .debug_info    0x0000000000006c30       0x8b ../final_proj_bsp/\libhal_bsp.a(alt_irq_entry.o)
 .debug_info    0x0000000000006cbb      0x187 ../final_proj_bsp/\libhal_bsp.a(alt_irq_handler.o)
 .debug_info    0x0000000000006e42       0x88 ../final_proj_bsp/\libhal_bsp.a(alt_irq_vars.o)
 .debug_info    0x0000000000006eca      0x3bb ../final_proj_bsp/\libhal_bsp.a(alt_open.o)
 .debug_info    0x0000000000007285      0x2b0 ../final_proj_bsp/\libhal_bsp.a(alt_release_fd.o)
 .debug_info    0x0000000000007535      0x299 ../final_proj_bsp/\libhal_bsp.a(alt_tick.o)
 .debug_info    0x00000000000077ce       0x92 ../final_proj_bsp/\libhal_bsp.a(altera_nios2_gen2_irq.o)
 .debug_info    0x0000000000007860       0x91 ../final_proj_bsp/\libhal_bsp.a(alt_exception_entry.o)
 .debug_info    0x00000000000078f1      0x2e9 ../final_proj_bsp/\libhal_bsp.a(alt_find_dev.o)
 .debug_info    0x0000000000007bda      0x2e6 ../final_proj_bsp/\libhal_bsp.a(alt_find_file.o)
 .debug_info    0x0000000000007ec0      0x310 ../final_proj_bsp/\libhal_bsp.a(alt_get_fd.o)
 .debug_info    0x00000000000081d0      0x1e7 ../final_proj_bsp/\libhal_bsp.a(alt_instruction_exception_entry.o)
 .debug_info    0x00000000000083b7       0xfe c:/quartusprime/nios2eds/bin/gnu/h-x86_64-mingw32/bin/../lib/gcc/nios2-elf/5.3.0/../../../../../H-x86_64-mingw32/nios2-elf/lib/mno-hw-mul\libsmallc.a(lib_a-atexit.o)
 .debug_info    0x00000000000084b5       0xe5 c:/quartusprime/nios2eds/bin/gnu/h-x86_64-mingw32/bin/../lib/gcc/nios2-elf/5.3.0/../../../../../H-x86_64-mingw32/nios2-elf/lib/mno-hw-mul\libsmallc.a(lib_a-exit.o)
 .debug_info    0x000000000000859a       0xf4 c:/quartusprime/nios2eds/bin/gnu/h-x86_64-mingw32/bin/../lib/gcc/nios2-elf/5.3.0/../../../../../H-x86_64-mingw32/nios2-elf/lib/mno-hw-mul\libsmallc.a(lib_a-memcmp.o)
 .debug_info    0x000000000000868e      0x119 c:/quartusprime/nios2eds/bin/gnu/h-x86_64-mingw32/bin/../lib/gcc/nios2-elf/5.3.0/../../../../../H-x86_64-mingw32/nios2-elf/lib/mno-hw-mul\libsmallc.a(lib_a-memcpy.o)
 .debug_info    0x00000000000087a7      0x64a c:/quartusprime/nios2eds/bin/gnu/h-x86_64-mingw32/bin/../lib/gcc/nios2-elf/5.3.0/../../../../../H-x86_64-mingw32/nios2-elf/lib/mno-hw-mul\libsmallc.a(lib_a-__atexit.o)
 .debug_info    0x0000000000008df1      0x67b c:/quartusprime/nios2eds/bin/gnu/h-x86_64-mingw32/bin/../lib/gcc/nios2-elf/5.3.0/../../../../../H-x86_64-mingw32/nios2-elf/lib/mno-hw-mul\libsmallc.a(lib_a-__call_atexit.o)
 .debug_info    0x000000000000946c       0xec ../final_proj_bsp/\libhal_bsp.a(alt_exit.o)

.debug_abbrev   0x0000000000000000     0x3586
 *(.debug_abbrev)
 .debug_abbrev  0x0000000000000000       0x12 ../final_proj_bsp//obj/HAL/src/crt0.o
 .debug_abbrev  0x0000000000000012       0xa1 obj/default/io_handler.o
 .debug_abbrev  0x00000000000000b3       0x6d obj/default/main.o
 .debug_abbrev  0x0000000000000120      0x105 obj/default/usb.o
 .debug_abbrev  0x0000000000000225      0x1ee c:/quartusprime/nios2eds/bin/gnu/h-x86_64-mingw32/bin/../lib/gcc/nios2-elf/5.3.0/../../../../../H-x86_64-mingw32/nios2-elf/lib/mno-hw-mul\libsmallc.a(lib_a-printf.o)
 .debug_abbrev  0x0000000000000413      0x1d6 c:/quartusprime/nios2eds/bin/gnu/h-x86_64-mingw32/bin/../lib/gcc/nios2-elf/5.3.0/../../../../../H-x86_64-mingw32/nios2-elf/lib/mno-hw-mul\libsmallc.a(lib_a-puts.o)
 .debug_abbrev  0x00000000000005e9       0x7f c:/quartusprime/nios2eds/bin/gnu/h-x86_64-mingw32/bin/../lib/gcc/nios2-elf/5.3.0/../../../../../H-x86_64-mingw32/nios2-elf/lib/mno-hw-mul\libsmallc.a(lib_a-strlen.o)
 .debug_abbrev  0x0000000000000668      0x2a1 c:/quartusprime/nios2eds/bin/gnu/h-x86_64-mingw32/bin/../lib/gcc/nios2-elf/5.3.0/../../../../../H-x86_64-mingw32/nios2-elf/lib/mno-hw-mul\libsmallc.a(lib_a-vfprintf.o)
 .debug_abbrev  0x0000000000000909      0x1bc c:/quartusprime/nios2eds/bin/gnu/h-x86_64-mingw32/bin/../lib/gcc/nios2-elf/5.3.0/../../../../../H-x86_64-mingw32/nios2-elf/lib/mno-hw-mul\libsmallc.a(lib_a-fvwrite_small_dev.o)
 .debug_abbrev  0x0000000000000ac5      0x14a c:/quartusprime/nios2eds/bin/gnu/h-x86_64-mingw32/bin/../lib/gcc/nios2-elf/5.3.0/../../../../../H-x86_64-mingw32/nios2-elf/lib/mno-hw-mul\libsmallc.a(lib_a-impure.o)
 .debug_abbrev  0x0000000000000c0f      0x1a6 c:/quartusprime/nios2eds/bin/gnu/h-x86_64-mingw32/bin/../lib/gcc/nios2-elf/5.3.0/../../../../../H-x86_64-mingw32/nios2-elf/lib/mno-hw-mul\libsmallc.a(lib_a-writer.o)
 .debug_abbrev  0x0000000000000db5       0x37 c:/quartusprime/nios2eds/bin/gnu/h-x86_64-mingw32/bin/../lib/gcc/nios2-elf/5.3.0/../../../../../H-x86_64-mingw32/nios2-elf/lib/mno-hw-mul\libsmallc.a(lib_a-int_errno.o)
 .debug_abbrev  0x0000000000000dec      0x10e c:/quartusprime/nios2eds/bin/gnu/h-x86_64-mingw32/bin/../lib/gcc/nios2-elf/5.3.0/mno-hw-mul\libgcc.a(lib2-divmod.o)
 .debug_abbrev  0x0000000000000efa       0x6f c:/quartusprime/nios2eds/bin/gnu/h-x86_64-mingw32/bin/../lib/gcc/nios2-elf/5.3.0/mno-hw-mul\libgcc.a(lib2-mul.o)
 .debug_abbrev  0x0000000000000f69       0x9f ../final_proj_bsp/\libhal_bsp.a(alt_load.o)
 .debug_abbrev  0x0000000000001008       0xba ../final_proj_bsp/\libhal_bsp.a(alt_main.o)
 .debug_abbrev  0x00000000000010c2       0x60 ../final_proj_bsp/\libhal_bsp.a(alt_usleep.o)
 .debug_abbrev  0x0000000000001122      0x133 ../final_proj_bsp/\libhal_bsp.a(alt_write.o)
 .debug_abbrev  0x0000000000001255      0x187 ../final_proj_bsp/\libhal_bsp.a(alt_sys_init.o)
 .debug_abbrev  0x00000000000013dc      0x127 ../final_proj_bsp/\libhal_bsp.a(altera_avalon_jtag_uart_fd.o)
 .debug_abbrev  0x0000000000001503      0x19e ../final_proj_bsp/\libhal_bsp.a(altera_avalon_jtag_uart_init.o)
 .debug_abbrev  0x00000000000016a1      0x111 ../final_proj_bsp/\libhal_bsp.a(altera_avalon_jtag_uart_ioctl.o)
 .debug_abbrev  0x00000000000017b2      0x1aa ../final_proj_bsp/\libhal_bsp.a(altera_avalon_jtag_uart_read.o)
 .debug_abbrev  0x000000000000195c      0x1a8 ../final_proj_bsp/\libhal_bsp.a(altera_avalon_jtag_uart_write.o)
 .debug_abbrev  0x0000000000001b04      0x162 ../final_proj_bsp/\libhal_bsp.a(alt_alarm_start.o)
 .debug_abbrev  0x0000000000001c66       0x7e ../final_proj_bsp/\libhal_bsp.a(alt_busy_sleep.o)
 .debug_abbrev  0x0000000000001ce4      0x11f ../final_proj_bsp/\libhal_bsp.a(alt_close.o)
 .debug_abbrev  0x0000000000001e03       0x42 ../final_proj_bsp/\libhal_bsp.a(alt_dcache_flush_all.o)
 .debug_abbrev  0x0000000000001e45       0xd9 ../final_proj_bsp/\libhal_bsp.a(alt_dev.o)
 .debug_abbrev  0x0000000000001f1e      0x114 ../final_proj_bsp/\libhal_bsp.a(alt_dev_llist_insert.o)
 .debug_abbrev  0x0000000000002032       0x79 ../final_proj_bsp/\libhal_bsp.a(alt_do_ctors.o)
 .debug_abbrev  0x00000000000020ab       0x79 ../final_proj_bsp/\libhal_bsp.a(alt_do_dtors.o)
 .debug_abbrev  0x0000000000002124       0x5a ../final_proj_bsp/\libhal_bsp.a(alt_errno.o)
 .debug_abbrev  0x000000000000217e       0x42 ../final_proj_bsp/\libhal_bsp.a(alt_icache_flush_all.o)
 .debug_abbrev  0x00000000000021c0      0x163 ../final_proj_bsp/\libhal_bsp.a(alt_iic.o)
 .debug_abbrev  0x0000000000002323      0x169 ../final_proj_bsp/\libhal_bsp.a(alt_iic_isr_register.o)
 .debug_abbrev  0x000000000000248c      0x114 ../final_proj_bsp/\libhal_bsp.a(alt_io_redirect.o)
 .debug_abbrev  0x00000000000025a0       0x12 ../final_proj_bsp/\libhal_bsp.a(alt_irq_entry.o)
 .debug_abbrev  0x00000000000025b2      0x122 ../final_proj_bsp/\libhal_bsp.a(alt_irq_handler.o)
 .debug_abbrev  0x00000000000026d4       0x40 ../final_proj_bsp/\libhal_bsp.a(alt_irq_vars.o)
 .debug_abbrev  0x0000000000002714      0x148 ../final_proj_bsp/\libhal_bsp.a(alt_open.o)
 .debug_abbrev  0x000000000000285c       0xde ../final_proj_bsp/\libhal_bsp.a(alt_release_fd.o)
 .debug_abbrev  0x000000000000293a      0x15a ../final_proj_bsp/\libhal_bsp.a(alt_tick.o)
 .debug_abbrev  0x0000000000002a94       0x42 ../final_proj_bsp/\libhal_bsp.a(altera_nios2_gen2_irq.o)
 .debug_abbrev  0x0000000000002ad6       0x12 ../final_proj_bsp/\libhal_bsp.a(alt_exception_entry.o)
 .debug_abbrev  0x0000000000002ae8       0xf0 ../final_proj_bsp/\libhal_bsp.a(alt_find_dev.o)
 .debug_abbrev  0x0000000000002bd8       0xf0 ../final_proj_bsp/\libhal_bsp.a(alt_find_file.o)
 .debug_abbrev  0x0000000000002cc8      0x10d ../final_proj_bsp/\libhal_bsp.a(alt_get_fd.o)
 .debug_abbrev  0x0000000000002dd5       0xdc ../final_proj_bsp/\libhal_bsp.a(alt_instruction_exception_entry.o)
 .debug_abbrev  0x0000000000002eb1       0xaa c:/quartusprime/nios2eds/bin/gnu/h-x86_64-mingw32/bin/../lib/gcc/nios2-elf/5.3.0/../../../../../H-x86_64-mingw32/nios2-elf/lib/mno-hw-mul\libsmallc.a(lib_a-atexit.o)
 .debug_abbrev  0x0000000000002f5b       0x8b c:/quartusprime/nios2eds/bin/gnu/h-x86_64-mingw32/bin/../lib/gcc/nios2-elf/5.3.0/../../../../../H-x86_64-mingw32/nios2-elf/lib/mno-hw-mul\libsmallc.a(lib_a-exit.o)
 .debug_abbrev  0x0000000000002fe6       0x7f c:/quartusprime/nios2eds/bin/gnu/h-x86_64-mingw32/bin/../lib/gcc/nios2-elf/5.3.0/../../../../../H-x86_64-mingw32/nios2-elf/lib/mno-hw-mul\libsmallc.a(lib_a-memcmp.o)
 .debug_abbrev  0x0000000000003065       0x9c c:/quartusprime/nios2eds/bin/gnu/h-x86_64-mingw32/bin/../lib/gcc/nios2-elf/5.3.0/../../../../../H-x86_64-mingw32/nios2-elf/lib/mno-hw-mul\libsmallc.a(lib_a-memcpy.o)
 .debug_abbrev  0x0000000000003101      0x1e6 c:/quartusprime/nios2eds/bin/gnu/h-x86_64-mingw32/bin/../lib/gcc/nios2-elf/5.3.0/../../../../../H-x86_64-mingw32/nios2-elf/lib/mno-hw-mul\libsmallc.a(lib_a-__atexit.o)
 .debug_abbrev  0x00000000000032e7      0x1f6 c:/quartusprime/nios2eds/bin/gnu/h-x86_64-mingw32/bin/../lib/gcc/nios2-elf/5.3.0/../../../../../H-x86_64-mingw32/nios2-elf/lib/mno-hw-mul\libsmallc.a(lib_a-__call_atexit.o)
 .debug_abbrev  0x00000000000034dd       0xa9 ../final_proj_bsp/\libhal_bsp.a(alt_exit.o)

.debug_line     0x0000000000000000     0x3bc2
 *(.debug_line)
 .debug_line    0x0000000000000000       0x66 ../final_proj_bsp//obj/HAL/src/crt0.o
 .debug_line    0x0000000000000066       0x84 obj/default/io_handler.o
 .debug_line    0x00000000000000ea      0x1ef obj/default/main.o
 .debug_line    0x00000000000002d9      0x1f3 obj/default/usb.o
 .debug_line    0x00000000000004cc      0x203 c:/quartusprime/nios2eds/bin/gnu/h-x86_64-mingw32/bin/../lib/gcc/nios2-elf/5.3.0/../../../../../H-x86_64-mingw32/nios2-elf/lib/mno-hw-mul\libsmallc.a(lib_a-printf.o)
 .debug_line    0x00000000000006cf      0x206 c:/quartusprime/nios2eds/bin/gnu/h-x86_64-mingw32/bin/../lib/gcc/nios2-elf/5.3.0/../../../../../H-x86_64-mingw32/nios2-elf/lib/mno-hw-mul\libsmallc.a(lib_a-puts.o)
 .debug_line    0x00000000000008d5      0x15c c:/quartusprime/nios2eds/bin/gnu/h-x86_64-mingw32/bin/../lib/gcc/nios2-elf/5.3.0/../../../../../H-x86_64-mingw32/nios2-elf/lib/mno-hw-mul\libsmallc.a(lib_a-strlen.o)
 .debug_line    0x0000000000000a31      0x351 c:/quartusprime/nios2eds/bin/gnu/h-x86_64-mingw32/bin/../lib/gcc/nios2-elf/5.3.0/../../../../../H-x86_64-mingw32/nios2-elf/lib/mno-hw-mul\libsmallc.a(lib_a-vfprintf.o)
 .debug_line    0x0000000000000d82      0x1f0 c:/quartusprime/nios2eds/bin/gnu/h-x86_64-mingw32/bin/../lib/gcc/nios2-elf/5.3.0/../../../../../H-x86_64-mingw32/nios2-elf/lib/mno-hw-mul\libsmallc.a(lib_a-fvwrite_small_dev.o)
 .debug_line    0x0000000000000f72      0x156 c:/quartusprime/nios2eds/bin/gnu/h-x86_64-mingw32/bin/../lib/gcc/nios2-elf/5.3.0/../../../../../H-x86_64-mingw32/nios2-elf/lib/mno-hw-mul\libsmallc.a(lib_a-impure.o)
 .debug_line    0x00000000000010c8      0x1ed c:/quartusprime/nios2eds/bin/gnu/h-x86_64-mingw32/bin/../lib/gcc/nios2-elf/5.3.0/../../../../../H-x86_64-mingw32/nios2-elf/lib/mno-hw-mul\libsmallc.a(lib_a-writer.o)
 .debug_line    0x00000000000012b5       0x5f c:/quartusprime/nios2eds/bin/gnu/h-x86_64-mingw32/bin/../lib/gcc/nios2-elf/5.3.0/../../../../../H-x86_64-mingw32/nios2-elf/lib/mno-hw-mul\libsmallc.a(lib_a-int_errno.o)
 .debug_line    0x0000000000001314      0x105 c:/quartusprime/nios2eds/bin/gnu/h-x86_64-mingw32/bin/../lib/gcc/nios2-elf/5.3.0/mno-hw-mul\libgcc.a(lib2-divmod.o)
 .debug_line    0x0000000000001419       0x80 c:/quartusprime/nios2eds/bin/gnu/h-x86_64-mingw32/bin/../lib/gcc/nios2-elf/5.3.0/mno-hw-mul\libgcc.a(lib2-mul.o)
 .debug_line    0x0000000000001499       0x8e ../final_proj_bsp/\libhal_bsp.a(alt_load.o)
 .debug_line    0x0000000000001527       0xa4 ../final_proj_bsp/\libhal_bsp.a(alt_main.o)
 .debug_line    0x00000000000015cb       0xad ../final_proj_bsp/\libhal_bsp.a(alt_usleep.o)
 .debug_line    0x0000000000001678      0x1db ../final_proj_bsp/\libhal_bsp.a(alt_write.o)
 .debug_line    0x0000000000001853      0x137 ../final_proj_bsp/\libhal_bsp.a(alt_sys_init.o)
 .debug_line    0x000000000000198a      0x12f ../final_proj_bsp/\libhal_bsp.a(altera_avalon_jtag_uart_fd.o)
 .debug_line    0x0000000000001ab9      0x18b ../final_proj_bsp/\libhal_bsp.a(altera_avalon_jtag_uart_init.o)
 .debug_line    0x0000000000001c44      0x131 ../final_proj_bsp/\libhal_bsp.a(altera_avalon_jtag_uart_ioctl.o)
 .debug_line    0x0000000000001d75      0x171 ../final_proj_bsp/\libhal_bsp.a(altera_avalon_jtag_uart_read.o)
 .debug_line    0x0000000000001ee6      0x170 ../final_proj_bsp/\libhal_bsp.a(altera_avalon_jtag_uart_write.o)
 .debug_line    0x0000000000002056       0xf9 ../final_proj_bsp/\libhal_bsp.a(alt_alarm_start.o)
 .debug_line    0x000000000000214f       0xa2 ../final_proj_bsp/\libhal_bsp.a(alt_busy_sleep.o)
 .debug_line    0x00000000000021f1      0x165 ../final_proj_bsp/\libhal_bsp.a(alt_close.o)
 .debug_line    0x0000000000002356       0x51 ../final_proj_bsp/\libhal_bsp.a(alt_dcache_flush_all.o)
 .debug_line    0x00000000000023a7       0xf8 ../final_proj_bsp/\libhal_bsp.a(alt_dev.o)
 .debug_line    0x000000000000249f       0xcf ../final_proj_bsp/\libhal_bsp.a(alt_dev_llist_insert.o)
 .debug_line    0x000000000000256e       0x59 ../final_proj_bsp/\libhal_bsp.a(alt_do_ctors.o)
 .debug_line    0x00000000000025c7       0x59 ../final_proj_bsp/\libhal_bsp.a(alt_do_dtors.o)
 .debug_line    0x0000000000002620       0x51 ../final_proj_bsp/\libhal_bsp.a(alt_errno.o)
 .debug_line    0x0000000000002671       0x4f ../final_proj_bsp/\libhal_bsp.a(alt_icache_flush_all.o)
 .debug_line    0x00000000000026c0       0xeb ../final_proj_bsp/\libhal_bsp.a(alt_iic.o)
 .debug_line    0x00000000000027ab       0xdb ../final_proj_bsp/\libhal_bsp.a(alt_iic_isr_register.o)
 .debug_line    0x0000000000002886      0x135 ../final_proj_bsp/\libhal_bsp.a(alt_io_redirect.o)
 .debug_line    0x00000000000029bb       0x6b ../final_proj_bsp/\libhal_bsp.a(alt_irq_entry.o)
 .debug_line    0x0000000000002a26       0xaa ../final_proj_bsp/\libhal_bsp.a(alt_irq_handler.o)
 .debug_line    0x0000000000002ad0       0x50 ../final_proj_bsp/\libhal_bsp.a(alt_irq_vars.o)
 .debug_line    0x0000000000002b20      0x12b ../final_proj_bsp/\libhal_bsp.a(alt_open.o)
 .debug_line    0x0000000000002c4b       0xb0 ../final_proj_bsp/\libhal_bsp.a(alt_release_fd.o)
 .debug_line    0x0000000000002cfb       0xff ../final_proj_bsp/\libhal_bsp.a(alt_tick.o)
 .debug_line    0x0000000000002dfa       0x51 ../final_proj_bsp/\libhal_bsp.a(altera_nios2_gen2_irq.o)
 .debug_line    0x0000000000002e4b       0xb3 ../final_proj_bsp/\libhal_bsp.a(alt_exception_entry.o)
 .debug_line    0x0000000000002efe       0xb5 ../final_proj_bsp/\libhal_bsp.a(alt_find_dev.o)
 .debug_line    0x0000000000002fb3       0xd1 ../final_proj_bsp/\libhal_bsp.a(alt_find_file.o)
 .debug_line    0x0000000000003084       0xd7 ../final_proj_bsp/\libhal_bsp.a(alt_get_fd.o)
 .debug_line    0x000000000000315b       0xb9 ../final_proj_bsp/\libhal_bsp.a(alt_instruction_exception_entry.o)
 .debug_line    0x0000000000003214       0xe7 c:/quartusprime/nios2eds/bin/gnu/h-x86_64-mingw32/bin/../lib/gcc/nios2-elf/5.3.0/../../../../../H-x86_64-mingw32/nios2-elf/lib/mno-hw-mul\libsmallc.a(lib_a-atexit.o)
 .debug_line    0x00000000000032fb      0x159 c:/quartusprime/nios2eds/bin/gnu/h-x86_64-mingw32/bin/../lib/gcc/nios2-elf/5.3.0/../../../../../H-x86_64-mingw32/nios2-elf/lib/mno-hw-mul\libsmallc.a(lib_a-exit.o)
 .debug_line    0x0000000000003454      0x160 c:/quartusprime/nios2eds/bin/gnu/h-x86_64-mingw32/bin/../lib/gcc/nios2-elf/5.3.0/../../../../../H-x86_64-mingw32/nios2-elf/lib/mno-hw-mul\libsmallc.a(lib_a-memcmp.o)
 .debug_line    0x00000000000035b4      0x15e c:/quartusprime/nios2eds/bin/gnu/h-x86_64-mingw32/bin/../lib/gcc/nios2-elf/5.3.0/../../../../../H-x86_64-mingw32/nios2-elf/lib/mno-hw-mul\libsmallc.a(lib_a-memcpy.o)
 .debug_line    0x0000000000003712      0x20d c:/quartusprime/nios2eds/bin/gnu/h-x86_64-mingw32/bin/../lib/gcc/nios2-elf/5.3.0/../../../../../H-x86_64-mingw32/nios2-elf/lib/mno-hw-mul\libsmallc.a(lib_a-__atexit.o)
 .debug_line    0x000000000000391f      0x232 c:/quartusprime/nios2eds/bin/gnu/h-x86_64-mingw32/bin/../lib/gcc/nios2-elf/5.3.0/../../../../../H-x86_64-mingw32/nios2-elf/lib/mno-hw-mul\libsmallc.a(lib_a-__call_atexit.o)
 .debug_line    0x0000000000003b51       0x71 ../final_proj_bsp/\libhal_bsp.a(alt_exit.o)

.debug_frame    0x0000000000000000     0x104c
 *(.debug_frame)
 .debug_frame   0x0000000000000000       0x7c obj/default/io_handler.o
 .debug_frame   0x000000000000007c       0x2c obj/default/main.o
 .debug_frame   0x00000000000000a8      0x268 obj/default/usb.o
 .debug_frame   0x0000000000000310       0x48 c:/quartusprime/nios2eds/bin/gnu/h-x86_64-mingw32/bin/../lib/gcc/nios2-elf/5.3.0/../../../../../H-x86_64-mingw32/nios2-elf/lib/mno-hw-mul\libsmallc.a(lib_a-printf.o)
 .debug_frame   0x0000000000000358       0x48 c:/quartusprime/nios2eds/bin/gnu/h-x86_64-mingw32/bin/../lib/gcc/nios2-elf/5.3.0/../../../../../H-x86_64-mingw32/nios2-elf/lib/mno-hw-mul\libsmallc.a(lib_a-puts.o)
 .debug_frame   0x00000000000003a0       0x20 c:/quartusprime/nios2eds/bin/gnu/h-x86_64-mingw32/bin/../lib/gcc/nios2-elf/5.3.0/../../../../../H-x86_64-mingw32/nios2-elf/lib/mno-hw-mul\libsmallc.a(lib_a-strlen.o)
 .debug_frame   0x00000000000003c0       0x8c c:/quartusprime/nios2eds/bin/gnu/h-x86_64-mingw32/bin/../lib/gcc/nios2-elf/5.3.0/../../../../../H-x86_64-mingw32/nios2-elf/lib/mno-hw-mul\libsmallc.a(lib_a-vfprintf.o)
 .debug_frame   0x000000000000044c       0x58 c:/quartusprime/nios2eds/bin/gnu/h-x86_64-mingw32/bin/../lib/gcc/nios2-elf/5.3.0/../../../../../H-x86_64-mingw32/nios2-elf/lib/mno-hw-mul\libsmallc.a(lib_a-fvwrite_small_dev.o)
 .debug_frame   0x00000000000004a4       0x38 c:/quartusprime/nios2eds/bin/gnu/h-x86_64-mingw32/bin/../lib/gcc/nios2-elf/5.3.0/../../../../../H-x86_64-mingw32/nios2-elf/lib/mno-hw-mul\libsmallc.a(lib_a-writer.o)
 .debug_frame   0x00000000000004dc       0x50 c:/quartusprime/nios2eds/bin/gnu/h-x86_64-mingw32/bin/../lib/gcc/nios2-elf/5.3.0/mno-hw-mul\libgcc.a(lib2-divmod.o)
 .debug_frame   0x000000000000052c       0x20 c:/quartusprime/nios2eds/bin/gnu/h-x86_64-mingw32/bin/../lib/gcc/nios2-elf/5.3.0/mno-hw-mul\libgcc.a(lib2-mul.o)
 .debug_frame   0x000000000000054c       0x5c ../final_proj_bsp/\libhal_bsp.a(alt_load.o)
 .debug_frame   0x00000000000005a8       0x2c ../final_proj_bsp/\libhal_bsp.a(alt_main.o)
 .debug_frame   0x00000000000005d4       0x38 ../final_proj_bsp/\libhal_bsp.a(alt_usleep.o)
 .debug_frame   0x000000000000060c       0x60 ../final_proj_bsp/\libhal_bsp.a(alt_write.o)
 .debug_frame   0x000000000000066c       0x88 ../final_proj_bsp/\libhal_bsp.a(alt_sys_init.o)
 .debug_frame   0x00000000000006f4       0xb0 ../final_proj_bsp/\libhal_bsp.a(altera_avalon_jtag_uart_fd.o)
 .debug_frame   0x00000000000007a4       0xa4 ../final_proj_bsp/\libhal_bsp.a(altera_avalon_jtag_uart_init.o)
 .debug_frame   0x0000000000000848       0x34 ../final_proj_bsp/\libhal_bsp.a(altera_avalon_jtag_uart_ioctl.o)
 .debug_frame   0x000000000000087c       0x38 ../final_proj_bsp/\libhal_bsp.a(altera_avalon_jtag_uart_read.o)
 .debug_frame   0x00000000000008b4       0x38 ../final_proj_bsp/\libhal_bsp.a(altera_avalon_jtag_uart_write.o)
 .debug_frame   0x00000000000008ec       0x34 ../final_proj_bsp/\libhal_bsp.a(alt_alarm_start.o)
 .debug_frame   0x0000000000000920       0x38 ../final_proj_bsp/\libhal_bsp.a(alt_busy_sleep.o)
 .debug_frame   0x0000000000000958       0x60 ../final_proj_bsp/\libhal_bsp.a(alt_close.o)
 .debug_frame   0x00000000000009b8       0x34 ../final_proj_bsp/\libhal_bsp.a(alt_dcache_flush_all.o)
 .debug_frame   0x00000000000009ec       0x34 ../final_proj_bsp/\libhal_bsp.a(alt_dev.o)
 .debug_frame   0x0000000000000a20       0x60 ../final_proj_bsp/\libhal_bsp.a(alt_dev_llist_insert.o)
 .debug_frame   0x0000000000000a80       0x38 ../final_proj_bsp/\libhal_bsp.a(alt_do_ctors.o)
 .debug_frame   0x0000000000000ab8       0x38 ../final_proj_bsp/\libhal_bsp.a(alt_do_dtors.o)
 .debug_frame   0x0000000000000af0       0x34 ../final_proj_bsp/\libhal_bsp.a(alt_icache_flush_all.o)
 .debug_frame   0x0000000000000b24       0xa4 ../final_proj_bsp/\libhal_bsp.a(alt_iic.o)
 .debug_frame   0x0000000000000bc8       0x38 ../final_proj_bsp/\libhal_bsp.a(alt_iic_isr_register.o)
 .debug_frame   0x0000000000000c00       0x64 ../final_proj_bsp/\libhal_bsp.a(alt_io_redirect.o)
 .debug_frame   0x0000000000000c64       0x38 ../final_proj_bsp/\libhal_bsp.a(alt_irq_handler.o)
 .debug_frame   0x0000000000000c9c       0x8c ../final_proj_bsp/\libhal_bsp.a(alt_open.o)
 .debug_frame   0x0000000000000d28       0x3c ../final_proj_bsp/\libhal_bsp.a(alt_release_fd.o)
 .debug_frame   0x0000000000000d64       0x5c ../final_proj_bsp/\libhal_bsp.a(alt_tick.o)
 .debug_frame   0x0000000000000dc0       0x34 ../final_proj_bsp/\libhal_bsp.a(altera_nios2_gen2_irq.o)
 .debug_frame   0x0000000000000df4       0x38 ../final_proj_bsp/\libhal_bsp.a(alt_find_dev.o)
 .debug_frame   0x0000000000000e2c       0x38 ../final_proj_bsp/\libhal_bsp.a(alt_find_file.o)
 .debug_frame   0x0000000000000e64       0x3c ../final_proj_bsp/\libhal_bsp.a(alt_get_fd.o)
 .debug_frame   0x0000000000000ea0       0x5c ../final_proj_bsp/\libhal_bsp.a(alt_instruction_exception_entry.o)
 .debug_frame   0x0000000000000efc       0x20 c:/quartusprime/nios2eds/bin/gnu/h-x86_64-mingw32/bin/../lib/gcc/nios2-elf/5.3.0/../../../../../H-x86_64-mingw32/nios2-elf/lib/mno-hw-mul\libsmallc.a(lib_a-atexit.o)
 .debug_frame   0x0000000000000f1c       0x28 c:/quartusprime/nios2eds/bin/gnu/h-x86_64-mingw32/bin/../lib/gcc/nios2-elf/5.3.0/../../../../../H-x86_64-mingw32/nios2-elf/lib/mno-hw-mul\libsmallc.a(lib_a-exit.o)
 .debug_frame   0x0000000000000f44       0x20 c:/quartusprime/nios2eds/bin/gnu/h-x86_64-mingw32/bin/../lib/gcc/nios2-elf/5.3.0/../../../../../H-x86_64-mingw32/nios2-elf/lib/mno-hw-mul\libsmallc.a(lib_a-memcmp.o)
 .debug_frame   0x0000000000000f64       0x20 c:/quartusprime/nios2eds/bin/gnu/h-x86_64-mingw32/bin/../lib/gcc/nios2-elf/5.3.0/../../../../../H-x86_64-mingw32/nios2-elf/lib/mno-hw-mul\libsmallc.a(lib_a-memcpy.o)
 .debug_frame   0x0000000000000f84       0x48 c:/quartusprime/nios2eds/bin/gnu/h-x86_64-mingw32/bin/../lib/gcc/nios2-elf/5.3.0/../../../../../H-x86_64-mingw32/nios2-elf/lib/mno-hw-mul\libsmallc.a(lib_a-__atexit.o)
 .debug_frame   0x0000000000000fcc       0x54 c:/quartusprime/nios2eds/bin/gnu/h-x86_64-mingw32/bin/../lib/gcc/nios2-elf/5.3.0/../../../../../H-x86_64-mingw32/nios2-elf/lib/mno-hw-mul\libsmallc.a(lib_a-__call_atexit.o)
 .debug_frame   0x0000000000001020       0x2c ../final_proj_bsp/\libhal_bsp.a(alt_exit.o)

.debug_str      0x0000000000000000     0x2149
 *(.debug_str)
 .debug_str     0x0000000000000000      0x141 obj/default/io_handler.o
                                        0x182 (size before relaxing)
 .debug_str     0x0000000000000141       0x65 obj/default/main.o
                                        0x1c0 (size before relaxing)
 .debug_str     0x00000000000001a6       0xe3 obj/default/usb.o
                                        0x249 (size before relaxing)
 .debug_str     0x0000000000000289      0x421 c:/quartusprime/nios2eds/bin/gnu/h-x86_64-mingw32/bin/../lib/gcc/nios2-elf/5.3.0/../../../../../H-x86_64-mingw32/nios2-elf/lib/mno-hw-mul\libsmallc.a(lib_a-printf.o)
                                        0x504 (size before relaxing)
 .debug_str     0x00000000000006aa       0x63 c:/quartusprime/nios2eds/bin/gnu/h-x86_64-mingw32/bin/../lib/gcc/nios2-elf/5.3.0/../../../../../H-x86_64-mingw32/nios2-elf/lib/mno-hw-mul\libsmallc.a(lib_a-puts.o)
                                        0x4cd (size before relaxing)
 .debug_str     0x000000000000070d       0xd2 c:/quartusprime/nios2eds/bin/gnu/h-x86_64-mingw32/bin/../lib/gcc/nios2-elf/5.3.0/../../../../../H-x86_64-mingw32/nios2-elf/lib/mno-hw-mul\libsmallc.a(lib_a-strlen.o)
                                        0x1e5 (size before relaxing)
 .debug_str     0x00000000000007df      0x1f8 c:/quartusprime/nios2eds/bin/gnu/h-x86_64-mingw32/bin/../lib/gcc/nios2-elf/5.3.0/../../../../../H-x86_64-mingw32/nios2-elf/lib/mno-hw-mul\libsmallc.a(lib_a-vfprintf.o)
                                        0x67f (size before relaxing)
 .debug_str     0x00000000000009d7       0x63 c:/quartusprime/nios2eds/bin/gnu/h-x86_64-mingw32/bin/../lib/gcc/nios2-elf/5.3.0/../../../../../H-x86_64-mingw32/nios2-elf/lib/mno-hw-mul\libsmallc.a(lib_a-fvwrite_small_dev.o)
                                        0x4d4 (size before relaxing)
 .debug_str     0x0000000000000a3a       0xef c:/quartusprime/nios2eds/bin/gnu/h-x86_64-mingw32/bin/../lib/gcc/nios2-elf/5.3.0/../../../../../H-x86_64-mingw32/nios2-elf/lib/mno-hw-mul\libsmallc.a(lib_a-impure.o)
                                        0x4be (size before relaxing)
 .debug_str     0x0000000000000b29       0x45 c:/quartusprime/nios2eds/bin/gnu/h-x86_64-mingw32/bin/../lib/gcc/nios2-elf/5.3.0/../../../../../H-x86_64-mingw32/nios2-elf/lib/mno-hw-mul\libsmallc.a(lib_a-writer.o)
                                        0x4b8 (size before relaxing)
 .debug_str     0x0000000000000b6e       0x3f c:/quartusprime/nios2eds/bin/gnu/h-x86_64-mingw32/bin/../lib/gcc/nios2-elf/5.3.0/../../../../../H-x86_64-mingw32/nios2-elf/lib/mno-hw-mul\libsmallc.a(lib_a-int_errno.o)
                                        0x1d8 (size before relaxing)
 .debug_str     0x0000000000000bad      0x187 c:/quartusprime/nios2eds/bin/gnu/h-x86_64-mingw32/bin/../lib/gcc/nios2-elf/5.3.0/mno-hw-mul\libgcc.a(lib2-divmod.o)
                                        0x1d2 (size before relaxing)
 .debug_str     0x0000000000000d34       0x40 c:/quartusprime/nios2eds/bin/gnu/h-x86_64-mingw32/bin/../lib/gcc/nios2-elf/5.3.0/mno-hw-mul\libgcc.a(lib2-mul.o)
                                        0x193 (size before relaxing)
 .debug_str     0x0000000000000d74      0x13f ../final_proj_bsp/\libhal_bsp.a(alt_load.o)
                                        0x226 (size before relaxing)
 .debug_str     0x0000000000000eb3       0x70 ../final_proj_bsp/\libhal_bsp.a(alt_main.o)
                                        0x1b1 (size before relaxing)
 .debug_str     0x0000000000000f23       0x27 ../final_proj_bsp/\libhal_bsp.a(alt_usleep.o)
                                        0x15c (size before relaxing)
 .debug_str     0x0000000000000f4a      0x153 ../final_proj_bsp/\libhal_bsp.a(alt_write.o)
                                        0x30c (size before relaxing)
 .debug_str     0x000000000000109d      0x15a ../final_proj_bsp/\libhal_bsp.a(alt_sys_init.o)
                                        0x36c (size before relaxing)
 .debug_str     0x00000000000011f7       0xb9 ../final_proj_bsp/\libhal_bsp.a(altera_avalon_jtag_uart_fd.o)
                                        0x3b8 (size before relaxing)
 .debug_str     0x00000000000012b0       0xd1 ../final_proj_bsp/\libhal_bsp.a(altera_avalon_jtag_uart_init.o)
                                        0x34c (size before relaxing)
 .debug_str     0x0000000000001381       0x4a ../final_proj_bsp/\libhal_bsp.a(altera_avalon_jtag_uart_ioctl.o)
                                        0x2a7 (size before relaxing)
 .debug_str     0x00000000000013cb       0x7f ../final_proj_bsp/\libhal_bsp.a(altera_avalon_jtag_uart_read.o)
                                        0x2fc (size before relaxing)
 .debug_str     0x000000000000144a       0x4a ../final_proj_bsp/\libhal_bsp.a(altera_avalon_jtag_uart_write.o)
                                        0x2fd (size before relaxing)
 .debug_str     0x0000000000001494       0x59 ../final_proj_bsp/\libhal_bsp.a(alt_alarm_start.o)
                                        0x292 (size before relaxing)
 .debug_str     0x00000000000014ed       0x42 ../final_proj_bsp/\libhal_bsp.a(alt_busy_sleep.o)
                                        0x17f (size before relaxing)
 .debug_str     0x000000000000152f       0x1b ../final_proj_bsp/\libhal_bsp.a(alt_close.o)
                                        0x21f (size before relaxing)
 .debug_str     0x000000000000154a       0x34 ../final_proj_bsp/\libhal_bsp.a(alt_dcache_flush_all.o)
                                        0x169 (size before relaxing)
 .debug_str     0x000000000000157e       0x50 ../final_proj_bsp/\libhal_bsp.a(alt_dev.o)